------------------------------------------------------------
TimeQuest Timing Analyzer Summary
------------------------------------------------------------

Type  : Slow 1200mV 85C Model Setup 'i_clk'
Slack : -2.278
TNS   : -30.811

Type  : Slow 1200mV 85C Model Setup 'cnt[19]'
Slack : -1.880
TNS   : -26.191

Type  : Slow 1200mV 85C Model Hold 'i_clk'
Slack : -0.047
TNS   : -0.047

Type  : Slow 1200mV 85C Model Hold 'cnt[19]'
Slack : 0.455
TNS   : 0.000

Type  : Slow 1200mV 85C Model Minimum Pulse Width 'i_clk'
Slack : -3.000
TNS   : -32.740

Type  : Slow 1200mV 85C Model Minimum Pulse Width 'cnt[19]'
Slack : -1.487
TNS   : -31.227

Type  : Slow 1200mV 0C Model Setup 'i_clk'
Slack : -1.952
TNS   : -26.033

Type  : Slow 1200mV 0C Model Setup 'cnt[19]'
Slack : -1.674
TNS   : -22.497

Type  : Slow 1200mV 0C Model Hold 'i_clk'
Slack : 0.101
TNS   : 0.000

Type  : Slow 1200mV 0C Model Hold 'cnt[19]'
Slack : 0.403
TNS   : 0.000

Type  : Slow 1200mV 0C Model Minimum Pulse Width 'i_clk'
Slack : -3.000
TNS   : -32.740

Type  : Slow 1200mV 0C Model Minimum Pulse Width 'cnt[19]'
Slack : -1.487
TNS   : -31.227

Type  : Fast 1200mV 0C Model Setup 'i_clk'
Slack : -0.449
TNS   : -3.143

Type  : Fast 1200mV 0C Model Setup 'cnt[19]'
Slack : -0.241
TNS   : -1.687

Type  : Fast 1200mV 0C Model Hold 'i_clk'
Slack : -0.089
TNS   : -0.089

Type  : Fast 1200mV 0C Model Hold 'cnt[19]'
Slack : 0.188
TNS   : 0.000

Type  : Fast 1200mV 0C Model Minimum Pulse Width 'i_clk'
Slack : -3.000
TNS   : -28.682

Type  : Fast 1200mV 0C Model Minimum Pulse Width 'cnt[19]'
Slack : -1.000
TNS   : -21.000

------------------------------------------------------------
