--------------------------------------------------------------------------------------
Timing Analyzer Summary
--------------------------------------------------------------------------------------

Type           : Worst-case tsu
Slack          : N/A
Required Time  : None
Actual Time    : 3.015 ns
From           : SDRAM_NIOS:inst5|cpu_0:the_cpu_0|cpu_0_nios2_oci:the_cpu_0_nios2_oci|cpu_0_jtag_debug_module_wrapper:the_cpu_0_jtag_debug_module_wrapper|sld_virtual_jtag_basic:cpu_0_jtag_debug_module_phy|tms
To             : sld_hub:sld_hub_inst|irf_reg[1][0]
From Clock     : --
To Clock       : SDRAM_NIOS:inst5|cpu_0:the_cpu_0|cpu_0_nios2_oci:the_cpu_0_nios2_oci|cpu_0_jtag_debug_module_wrapper:the_cpu_0_jtag_debug_module_wrapper|sld_virtual_jtag_basic:cpu_0_jtag_debug_module_phy|tck
Failed Paths   : 0

Type           : Worst-case tco
Slack          : N/A
Required Time  : None
Actual Time    : 7.046 ns
From           : SDRAM_NIOS:inst5|BIT:the_BIT|data_out[2]
To             : BIT[2]
From Clock     : CLK_50M
To Clock       : --
Failed Paths   : 0

Type           : Worst-case tpd
Slack          : N/A
Required Time  : None
Actual Time    : 3.106 ns
From           : altera_internal_jtag~TDO
To             : altera_reserved_tdo
From Clock     : --
To Clock       : --
Failed Paths   : 0

Type           : Worst-case th
Slack          : N/A
Required Time  : None
Actual Time    : 2.019 ns
From           : SDRAM_NIOS:inst5|cpu_0:the_cpu_0|cpu_0_nios2_oci:the_cpu_0_nios2_oci|cpu_0_jtag_debug_module_wrapper:the_cpu_0_jtag_debug_module_wrapper|sld_virtual_jtag_basic:cpu_0_jtag_debug_module_phy|tms
To             : sld_hub:sld_hub_inst|sld_shadow_jsm:shadow_jsm|state[3]
From Clock     : --
To Clock       : SDRAM_NIOS:inst5|cpu_0:the_cpu_0|cpu_0_nios2_oci:the_cpu_0_nios2_oci|cpu_0_jtag_debug_module_wrapper:the_cpu_0_jtag_debug_module_wrapper|sld_virtual_jtag_basic:cpu_0_jtag_debug_module_phy|tck
Failed Paths   : 0

Type           : Clock Setup: 'pll1:inst1|altpll:altpll_component|_clk1'
Slack          : -1.660 ns
Required Time  : 100.00 MHz ( period = 10.000 ns )
Actual Time    : 85.76 MHz ( period = 11.660 ns )
From           : SDRAM_NIOS:inst5|sdram:the_sdram|sdram_input_efifo_module:the_sdram_input_efifo_module|rd_address
To             : SDRAM_NIOS:inst5|sdram:the_sdram|m_data[7]
From Clock     : pll1:inst1|altpll:altpll_component|_clk1
To Clock       : pll1:inst1|altpll:altpll_component|_clk1
Failed Paths   : 286

Type           : Clock Setup: 'SDRAM_NIOS:inst5|cpu_0:the_cpu_0|cpu_0_nios2_oci:the_cpu_0_nios2_oci|cpu_0_jtag_debug_module_wrapper:the_cpu_0_jtag_debug_module_wrapper|sld_virtual_jtag_basic:cpu_0_jtag_debug_module_phy|tck'
Slack          : N/A
Required Time  : None
Actual Time    : 97.62 MHz ( period = 10.244 ns )
From           : sld_hub:sld_hub_inst|irsr_reg[2]
To             : sld_hub:sld_hub_inst|tdo
From Clock     : SDRAM_NIOS:inst5|cpu_0:the_cpu_0|cpu_0_nios2_oci:the_cpu_0_nios2_oci|cpu_0_jtag_debug_module_wrapper:the_cpu_0_jtag_debug_module_wrapper|sld_virtual_jtag_basic:cpu_0_jtag_debug_module_phy|tck
To Clock       : SDRAM_NIOS:inst5|cpu_0:the_cpu_0|cpu_0_nios2_oci:the_cpu_0_nios2_oci|cpu_0_jtag_debug_module_wrapper:the_cpu_0_jtag_debug_module_wrapper|sld_virtual_jtag_basic:cpu_0_jtag_debug_module_phy|tck
Failed Paths   : 0

Type           : Clock Hold: 'pll1:inst1|altpll:altpll_component|_clk1'
Slack          : 0.499 ns
Required Time  : 100.00 MHz ( period = 10.000 ns )
Actual Time    : N/A
From           : SDRAM_NIOS:inst5|sdram:the_sdram|i_count[0]
To             : SDRAM_NIOS:inst5|sdram:the_sdram|i_count[0]
From Clock     : pll1:inst1|altpll:altpll_component|_clk1
To Clock       : pll1:inst1|altpll:altpll_component|_clk1
Failed Paths   : 0

Type           : Total number of failed paths
Slack          : 
Required Time  : 
Actual Time    : 
From           : 
To             : 
From Clock     : 
To Clock       : 
Failed Paths   : 286

--------------------------------------------------------------------------------------

