Archive member included to satisfy reference by file (symbol)

.\ARM_GCC_541\Debug\USBFS_UART01.a(USBUART.o)
                              .\ARM_GCC_541\Debug\main.o (USBUART_Start)
.\ARM_GCC_541\Debug\USBFS_UART01.a(USBUART_cdc.o)
                              .\ARM_GCC_541\Debug\main.o (USBUART_CDC_Init)
.\ARM_GCC_541\Debug\USBFS_UART01.a(USBUART_drv.o)
                              .\ARM_GCC_541\Debug\USBFS_UART01.a(USBUART.o) (USBUART_EP)
.\ARM_GCC_541\Debug\USBFS_UART01.a(USBUART_episr.o)
                              .\ARM_GCC_541\Debug\USBFS_UART01.a(USBUART.o) (USBUART_INTR_HI_ISR)
.\ARM_GCC_541\Debug\USBFS_UART01.a(USBUART_hid.o)
                              .\ARM_GCC_541\Debug\USBFS_UART01.a(USBUART.o) (USBUART_hidProtocol)
.\ARM_GCC_541\Debug\USBFS_UART01.a(USBUART_pm.o)
                              .\ARM_GCC_541\Debug\USBFS_UART01.a(USBUART.o) (USBUART_DP_ISR)
.\ARM_GCC_541\Debug\USBFS_UART01.a(USBUART_std.o)
                              .\ARM_GCC_541\Debug\USBFS_UART01.a(USBUART_drv.o) (USBUART_HandleStandardRqst)
.\ARM_GCC_541\Debug\USBFS_UART01.a(USBUART_vnd.o)
                              .\ARM_GCC_541\Debug\USBFS_UART01.a(USBUART_drv.o) (USBUART_HandleVendorRqst)
.\ARM_GCC_541\Debug\USBFS_UART01.a(USBUART_Dp.o)
                              .\ARM_GCC_541\Debug\USBFS_UART01.a(USBUART_pm.o) (USBUART_Dp_ClearInterrupt)
.\ARM_GCC_541\Debug\USBFS_UART01.a(CyLib.o)
                              .\ARM_GCC_541\Debug\cyfitter_cfg.o (CySysClkImoEnableUsbLock)
.\ARM_GCC_541\Debug\USBFS_UART01.a(CyLFClk.o)
                              .\ARM_GCC_541\Debug\USBFS_UART01.a(CyLib.o) (CySysClkWcoEnabled)
.\ARM_GCC_541\Debug\USBFS_UART01.a(CyBootAsmGnu.o)
                              .\ARM_GCC_541\Debug\USBFS_UART01.a(CyLib.o) (CyDelayCycles)
.\ARM_GCC_541\Debug\USBFS_UART01.a(USBUART_cls.o)
                              .\ARM_GCC_541\Debug\USBFS_UART01.a(USBUART_drv.o) (USBUART_DispatchClassRqst)
.\ARM_GCC_541\Debug\USBFS_UART01.a(USBUART_descr.o)
                              .\ARM_GCC_541\Debug\USBFS_UART01.a(USBUART_std.o) (USBUART_DEVICE0_DESCR)
.\ARM_GCC_541\Debug\USBFS_UART01.a(CyFlash.o)
                              .\ARM_GCC_541\Debug\USBFS_UART01.a(CyLib.o) (CySysFlashSetWaitCycles)
c:/program files (x86)/cypress/psoc creator/4.2/psoc creator/import/gnu/arm/5.4.1/bin/../lib/gcc/arm-none-eabi/5.4.1/armv6-m\libgcc.a(_udivsi3.o)
                              .\ARM_GCC_541\Debug\USBFS_UART01.a(CyLib.o) (__aeabi_uidiv)
c:/program files (x86)/cypress/psoc creator/4.2/psoc creator/import/gnu/arm/5.4.1/bin/../lib/gcc/arm-none-eabi/5.4.1/armv6-m\libgcc.a(_divsi3.o)
                              .\ARM_GCC_541\Debug\USBFS_UART01.a(CyLib.o) (__aeabi_idiv)
c:/program files (x86)/cypress/psoc creator/4.2/psoc creator/import/gnu/arm/5.4.1/bin/../lib/gcc/arm-none-eabi/5.4.1/armv6-m\libgcc.a(_dvmd_tls.o)
                              c:/program files (x86)/cypress/psoc creator/4.2/psoc creator/import/gnu/arm/5.4.1/bin/../lib/gcc/arm-none-eabi/5.4.1/armv6-m\libgcc.a(_udivsi3.o) (__aeabi_idiv0)
c:/program files (x86)/cypress/psoc creator/4.2/psoc creator/import/gnu/arm/5.4.1/bin/../lib/gcc/arm-none-eabi/5.4.1/../../../../arm-none-eabi/lib/armv6-m\libg_nano.a(lib_a-errno.o)
                              .\ARM_GCC_541\Debug\Cm0Start.o (__errno)
c:/program files (x86)/cypress/psoc creator/4.2/psoc creator/import/gnu/arm/5.4.1/bin/../lib/gcc/arm-none-eabi/5.4.1/../../../../arm-none-eabi/lib/armv6-m\libg_nano.a(lib_a-exit.o)
                              c:/program files (x86)/cypress/psoc creator/4.2/psoc creator/import/gnu/arm/5.4.1/bin/../lib/gcc/arm-none-eabi/5.4.1/../../../../arm-none-eabi/lib/armv6-m/crt0.o (exit)
c:/program files (x86)/cypress/psoc creator/4.2/psoc creator/import/gnu/arm/5.4.1/bin/../lib/gcc/arm-none-eabi/5.4.1/../../../../arm-none-eabi/lib/armv6-m\libg_nano.a(lib_a-impure.o)
                              c:/program files (x86)/cypress/psoc creator/4.2/psoc creator/import/gnu/arm/5.4.1/bin/../lib/gcc/arm-none-eabi/5.4.1/../../../../arm-none-eabi/lib/armv6-m\libg_nano.a(lib_a-exit.o) (_global_impure_ptr)
c:/program files (x86)/cypress/psoc creator/4.2/psoc creator/import/gnu/arm/5.4.1/bin/../lib/gcc/arm-none-eabi/5.4.1/../../../../arm-none-eabi/lib/armv6-m\libg_nano.a(lib_a-init.o)
                              c:/program files (x86)/cypress/psoc creator/4.2/psoc creator/import/gnu/arm/5.4.1/bin/../lib/gcc/arm-none-eabi/5.4.1/../../../../arm-none-eabi/lib/armv6-m/crt0.o (__libc_init_array)
c:/program files (x86)/cypress/psoc creator/4.2/psoc creator/import/gnu/arm/5.4.1/bin/../lib/gcc/arm-none-eabi/5.4.1/../../../../arm-none-eabi/lib/armv6-m\libg_nano.a(lib_a-memcpy-stub.o)
                              .\ARM_GCC_541\Debug\cyfitter_cfg.o (memcpy)
c:/program files (x86)/cypress/psoc creator/4.2/psoc creator/import/gnu/arm/5.4.1/bin/../lib/gcc/arm-none-eabi/5.4.1/../../../../arm-none-eabi/lib/armv6-m\libg_nano.a(lib_a-memset.o)
[...]
Memory Configuration

Name             Origin             Length             Attributes
rom              0x00000000         0x00020000         xr
ram              0x20000000         0x00004000         xrw
*default*        0x00000000         0xffffffff

Linker script and memory map

LOAD c:/program files (x86)/cypress/psoc creator/4.2/psoc creator/import/gnu/arm/5.4.1/bin/../lib/gcc/arm-none-eabi/5.4.1/armv6-m/crti.o
LOAD c:/program files (x86)/cypress/psoc creator/4.2/psoc creator/import/gnu/arm/5.4.1/bin/../lib/gcc/arm-none-eabi/5.4.1/armv6-m/crtbegin.o
LOAD c:/program files (x86)/cypress/psoc creator/4.2/psoc creator/import/gnu/arm/5.4.1/bin/../lib/gcc/arm-none-eabi/5.4.1/../../../../arm-none-eabi/lib/armv6-m/crt0.o
START GROUP
LOAD .\ARM_GCC_541\Debug\main.o
LOAD .\ARM_GCC_541\Debug\cyfitter_cfg.o
LOAD .\ARM_GCC_541\Debug\cymetadata.o
LOAD .\ARM_GCC_541\Debug\Cm0Start.o
LOAD .\ARM_GCC_541\Debug\USBFS_UART01.a
END GROUP
START GROUP
LOAD c:/program files (x86)/cypress/psoc creator/4.2/psoc creator/import/gnu/arm/5.4.1/bin/../lib/gcc/arm-none-eabi/5.4.1/armv6-m\libgcc.a
LOAD c:/program files (x86)/cypress/psoc creator/4.2/psoc creator/import/gnu/arm/5.4.1/bin/../lib/gcc/arm-none-eabi/5.4.1/../../../../arm-none-eabi/lib/armv6-m\libg_nano.a
LOAD c:/program files (x86)/cypress/psoc creator/4.2/psoc creator/import/gnu/arm/5.4.1/bin/../lib/gcc/arm-none-eabi/5.4.1/../../../../arm-none-eabi/lib/armv6-m\libc_nano.a
END GROUP
START GROUP
LOAD c:/program files (x86)/cypress/psoc creator/4.2/psoc creator/import/gnu/arm/5.4.1/bin/../lib/gcc/arm-none-eabi/5.4.1/armv6-m\libgcc.a
LOAD c:/program files (x86)/cypress/psoc creator/4.2/psoc creator/import/gnu/arm/5.4.1/bin/../lib/gcc/arm-none-eabi/5.4.1/../../../../arm-none-eabi/lib/armv6-m\libc_nano.a
END GROUP
LOAD c:/program files (x86)/cypress/psoc creator/4.2/psoc creator/import/gnu/arm/5.4.1/bin/../lib/gcc/arm-none-eabi/5.4.1/armv6-m/crtend.o
LOAD c:/program files (x86)/cypress/psoc creator/4.2/psoc creator/import/gnu/arm/5.4.1/bin/../lib/gcc/arm-none-eabi/5.4.1/armv6-m/crtn.o
START GROUP
LOAD c:/program files (x86)/cypress/psoc creator/4.2/psoc creator/import/gnu/arm/5.4.1/bin/../lib/gcc/arm-none-eabi/5.4.1/armv6-m\libgcc.a
LOAD c:/program files (x86)/cypress/psoc creator/4.2/psoc creator/import/gnu/arm/5.4.1/bin/../lib/gcc/arm-none-eabi/5.4.1/../../../../arm-none-eabi/lib/armv6-m\libc.a
LOAD c:/program files (x86)/cypress/psoc creator/4.2/psoc creator/import/gnu/arm/5.4.1/bin/../lib/gcc/arm-none-eabi/5.4.1/../../../../arm-none-eabi/lib/armv6-m\libnosys.a
END GROUP
                0x00000000                CY_APPL_ORIGIN = 0x0
                0x00000100                CY_FLASH_ROW_SIZE = 0x100
                0x00000001                CY_APPL_NUM = 0x1
                0x00000001                CY_APPL_MAX = 0x1
                0x00000040                CY_METADATA_SIZE = 0x40
                0x00000000                CY_APPL_LOADABLE = 0x0
                0x00000000                CY_CHECKSUM_EXCLUDE_SIZE = ALIGN (0x0, CY_FLASH_ROW_SIZE)
                0x00000000                CY_APP_FOR_STACK_AND_COPIER = 0x0
                [!provide]                PROVIDE (__cy_heap_start, _end)
                0x00000001                PROVIDE (__cy_region_num, ((__cy_regions_end - __cy_regions) / 0x10))
                0x20004000                PROVIDE (__cy_stack, (ORIGIN (ram) + LENGTH (ram)))
                [!provide]                PROVIDE (__cy_heap_end, (__cy_stack - 0x800))

.cybootloader   0x00000000        0x0
 *(.cybootloader)
                0x00000000                appl1_start = CY_APPL_ORIGIN?CY_APPL_ORIGIN:ALIGN (CY_FLASH_ROW_SIZE)
                0x0000ff00                appl2_start = (appl1_start + ALIGN ((((LENGTH (rom) - appl1_start) - (0x2 * CY_FLASH_ROW_SIZE)) / 0x2), CY_FLASH_ROW_SIZE))
                0x00000000                appl_start = (CY_APPL_NUM == 0x1)?appl1_start:appl2_start
                0x00000001                cy_project_type_bootloader = (appl_start == 0x0)?0x1:0x0
                0x00000000                cy_project_type_app_for_stack_and_copier = (CY_APP_FOR_STACK_AND_COPIER == 0x1)?0x1:0x0

.text           0x00000000     0x34e4
 CREATE_OBJECT_SYMBOLS
                0x00000000                PROVIDE (__cy_interrupt_vector, RomVectors)
 *(.romvectors)
 .romvectors    0x00000000       0x10 .\ARM_GCC_541\Debug\Cm0Start.o
                0x00000000                RomVectors
                0x00000001                ASSERT ((. != __cy_interrupt_vector), No interrupt vector)
                0x00000001                ASSERT (CY_APPL_ORIGIN?(SIZEOF (.cybootloader) <= CY_APPL_ORIGIN):0x1, Wrong image location)
                0x00000010                PROVIDE (__cy_reset, Reset)
 *(.text.Reset)
 .text.Reset    0x00000010        0x8 .\ARM_GCC_541\Debug\Cm0Start.o
                0x00000010                Reset
                0x00000001                ASSERT ((. != __cy_reset), No reset code)
 *(.psocinit)
 .psocinit      0x00000018      0x1d4 .\ARM_GCC_541\Debug\cyfitter_cfg.o
                0x0000008c                cyfitter_cfg
                0x000001ec                . = MAX (., 0x100)
 *(.text .text.* .gnu.linkonce.t.*)
 .text          0x000001ec       0x60 c:/program files (x86)/cypress/psoc creator/4.2/psoc creator/import/gnu/arm/5.4.1/bin/../lib/gcc/arm-none-eabi/5.4.1/armv6-m/crtbegin.o
 .text.main     0x0000024c       0x88 .\ARM_GCC_541\Debug\main.o
                0x0000024c                main
 .text.CYMEMZERO
                0x000002d4       0x20 .\ARM_GCC_541\Debug\cyfitter_cfg.o
 .text.cfg_write_bytes32
                0x000002f4       0x84 .\ARM_GCC_541\Debug\cyfitter_cfg.o
 .text.AnalogSetDefault
                0x00000378       0x28 .\ARM_GCC_541\Debug\cyfitter_cfg.o
 .text.IntDefaultHandler
                0x000003a0       0x14 .\ARM_GCC_541\Debug\Cm0Start.o
                0x000003a0                IntDefaultHandler
 .text.Start_c  0x000003b4       0x98 .\ARM_GCC_541\Debug\Cm0Start.o
                0x000003b4                Start_c
 .text.initialize_psoc
                0x0000044c       0x70 .\ARM_GCC_541\Debug\Cm0Start.o
                0x0000044c                initialize_psoc
 .text.USBUART_Start
                0x000004bc       0x40 .\ARM_GCC_541\Debug\USBFS_UART01.a(USBUART.o)
                0x000004bc                USBUART_Start
 .text.USBUART_Init
                0x000004fc       0xf0 .\ARM_GCC_541\Debug\USBFS_UART01.a(USBUART.o)
                0x000004fc                USBUART_Init
 .text.USBUART_InitComponent
                0x000005ec      0x120 .\ARM_GCC_541\Debug\USBFS_UART01.a(USBUART.o)
                0x000005ec                USBUART_InitComponent
 .text.USBUART_ReInitComponent
                0x0000070c       0x90 .\ARM_GCC_541\Debug\USBFS_UART01.a(USBUART.o)
                0x0000070c                USBUART_ReInitComponent
 .text.USBUART_GetConfiguration
                0x0000079c       0x14 .\ARM_GCC_541\Debug\USBFS_UART01.a(USBUART.o)
                0x0000079c                USBUART_GetConfiguration
 .text.USBUART_IsConfigurationChanged
                0x000007b0       0x34 .\ARM_GCC_541\Debug\USBFS_UART01.a(USBUART.o)
                0x000007b0                USBUART_IsConfigurationChanged
 .text.USBUART_GetEPState
                0x000007e4       0x30 .\ARM_GCC_541\Debug\USBFS_UART01.a(USBUART.o)
                0x000007e4                USBUART_GetEPState
 .text.USBUART_GetEPCount
                0x00000814       0x80 .\ARM_GCC_541\Debug\USBFS_UART01.a(USBUART.o)
                0x00000814                USBUART_GetEPCount
 .text.USBUART_LoadInEP
                0x00000894      0x14c .\ARM_GCC_541\Debug\USBFS_UART01.a(USBUART.o)
                0x00000894                USBUART_LoadInEP
 .text.USBUART_ReadOutEP
                0x000009e0       0xc0 .\ARM_GCC_541\Debug\USBFS_UART01.a(USBUART.o)
                0x000009e0                USBUART_ReadOutEP
 .text.USBUART_EnableOutEP
                0x00000aa0       0x68 .\ARM_GCC_541\Debug\USBFS_UART01.a(USBUART.o)
                0x00000aa0                USBUART_EnableOutEP
 .text.USBUART_DispatchCDCClassRqst
                0x00000b08       0xf8 .\ARM_GCC_541\Debug\USBFS_UART01.a(USBUART_cdc.o)
                0x00000b08                USBUART_DispatchCDCClassRqst
 .text.USBUART_GetInterfaceComPort
                0x00000c00       0x90 .\ARM_GCC_541\Debug\USBFS_UART01.a(USBUART_cdc.o)
                0x00000c00                USBUART_GetInterfaceComPort
 .text.USBUART_CDC_Init
                0x00000c90       0xc0 .\ARM_GCC_541\Debug\USBFS_UART01.a(USBUART_cdc.o)
                0x00000c90                USBUART_CDC_Init
 .text.USBUART_PutData
                0x00000d50       0x84 .\ARM_GCC_541\Debug\USBFS_UART01.a(USBUART_cdc.o)
                0x00000d50                USBUART_PutData
 .text.USBUART_DataIsReady
                0x00000dd4       0x28 .\ARM_GCC_541\Debug\USBFS_UART01.a(USBUART_cdc.o)
                0x00000dd4                USBUART_DataIsReady
 .text.USBUART_CDCIsReady
                0x00000dfc       0x28 .\ARM_GCC_541\Debug\USBFS_UART01.a(USBUART_cdc.o)
                0x00000dfc                USBUART_CDCIsReady
 .text.USBUART_GetAll
                0x00000e24       0x60 .\ARM_GCC_541\Debug\USBFS_UART01.a(USBUART_cdc.o)
                0x00000e24                USBUART_GetAll
 .text.USBUART_Cdc_EpInit
                0x00000e84       0xc0 .\ARM_GCC_541\Debug\USBFS_UART01.a(USBUART_cdc.o)
                0x00000e84                USBUART_Cdc_EpInit
 .text.USBUART_EP_0_ISR
                0x00000f44       0xfc .\ARM_GCC_541\Debug\USBFS_UART01.a(USBUART_drv.o)
                0x00000f44                USBUART_EP_0_ISR
 .text.USBUART_HandleSetup
                0x00001040       0x9c .\ARM_GCC_541\Debug\USBFS_UART01.a(USBUART_drv.o)
                0x00001040                USBUART_HandleSetup
 .text.USBUART_HandleIN
                0x000010dc       0x40 .\ARM_GCC_541\Debug\USBFS_UART01.a(USBUART_drv.o)
                0x000010dc                USBUART_HandleIN
 .text.USBUART_HandleOUT
                0x0000111c       0x4c .\ARM_GCC_541\Debug\USBFS_UART01.a(USBUART_drv.o)
                0x0000111c                USBUART_HandleOUT
 .text.USBUART_LoadEP0
                0x00001168       0xd8 .\ARM_GCC_541\Debug\USBFS_UART01.a(USBUART_drv.o)
                0x00001168                USBUART_LoadEP0
 .text.USBUART_InitControlRead
                0x00001240       0x74 .\ARM_GCC_541\Debug\USBFS_UART01.a(USBUART_drv.o)
                0x00001240                USBUART_InitControlRead
 .text.USBUART_InitZeroLengthControlTransfer
                0x000012b4       0x40 .\ARM_GCC_541\Debug\USBFS_UART01.a(USBUART_drv.o)
                0x000012b4                USBUART_InitZeroLengthControlTransfer
 .text.USBUART_ControlReadDataStage
                0x000012f4       0x10 .\ARM_GCC_541\Debug\USBFS_UART01.a(USBUART_drv.o)
                0x000012f4                USBUART_ControlReadDataStage
 .text.USBUART_ControlReadStatusStage
                0x00001304       0x44 .\ARM_GCC_541\Debug\USBFS_UART01.a(USBUART_drv.o)
                0x00001304                USBUART_ControlReadStatusStage
 .text.USBUART_InitControlWrite
                0x00001348       0x6c .\ARM_GCC_541\Debug\USBFS_UART01.a(USBUART_drv.o)
                0x00001348                USBUART_InitControlWrite
 .text.USBUART_ControlWriteDataStage
                0x000013b4       0xb8 .\ARM_GCC_541\Debug\USBFS_UART01.a(USBUART_drv.o)
                0x000013b4                USBUART_ControlWriteDataStage
 .text.USBUART_ControlWriteStatusStage
                0x0000146c       0x24 .\ARM_GCC_541\Debug\USBFS_UART01.a(USBUART_drv.o)
                0x0000146c                USBUART_ControlWriteStatusStage
 .text.USBUART_InitNoDataControlTransfer
                0x00001490       0x34 .\ARM_GCC_541\Debug\USBFS_UART01.a(USBUART_drv.o)
                0x00001490                USBUART_InitNoDataControlTransfer
 .text.USBUART_NoDataControlStatusStage
                0x000014c4       0x50 .\ARM_GCC_541\Debug\USBFS_UART01.a(USBUART_drv.o)
                0x000014c4                USBUART_NoDataControlStatusStage
 .text.USBUART_UpdateStatusBlock
                0x00001514       0x40 .\ARM_GCC_541\Debug\USBFS_UART01.a(USBUART_drv.o)
                0x00001514                USBUART_UpdateStatusBlock
 .text.USBUART_InitializeStatusBlock
                0x00001554       0x30 .\ARM_GCC_541\Debug\USBFS_UART01.a(USBUART_drv.o)
                0x00001554                USBUART_InitializeStatusBlock
 .text.USBUART_EP_1_ISR
                0x00001584       0x48 .\ARM_GCC_541\Debug\USBFS_UART01.a(USBUART_episr.o)
                0x00001584                USBUART_EP_1_ISR
 .text.USBUART_EP_2_ISR
                0x000015cc       0x4c .\ARM_GCC_541\Debug\USBFS_UART01.a(USBUART_episr.o)
                0x000015cc                USBUART_EP_2_ISR
 .text.USBUART_EP_3_ISR
                0x00001618       0x54 .\ARM_GCC_541\Debug\USBFS_UART01.a(USBUART_episr.o)
                0x00001618                USBUART_EP_3_ISR
 .text.USBUART_SOF_ISR
                0x0000166c       0x14 .\ARM_GCC_541\Debug\USBFS_UART01.a(USBUART_episr.o)
                0x0000166c                USBUART_SOF_ISR
 .text.USBUART_BUS_RESET_ISR
                0x00001680       0x18 .\ARM_GCC_541\Debug\USBFS_UART01.a(USBUART_episr.o)
                0x00001680                USBUART_BUS_RESET_ISR
 .text.USBUART_IntrHandler
                0x00001698       0x60 .\ARM_GCC_541\Debug\USBFS_UART01.a(USBUART_episr.o)
 .text.USBUART_INTR_HI_ISR
                0x000016f8       0x18 .\ARM_GCC_541\Debug\USBFS_UART01.a(USBUART_episr.o)
                0x000016f8                USBUART_INTR_HI_ISR
 .text.USBUART_INTR_MED_ISR
                0x00001710       0x18 .\ARM_GCC_541\Debug\USBFS_UART01.a(USBUART_episr.o)
                0x00001710                USBUART_INTR_MED_ISR
 .text.USBUART_INTR_LO_ISR
                0x00001728       0x18 .\ARM_GCC_541\Debug\USBFS_UART01.a(USBUART_episr.o)
                0x00001728                USBUART_INTR_LO_ISR
 .text.USBUART_DispatchHIDClassRqst
                0x00001740      0x1f8 .\ARM_GCC_541\Debug\USBFS_UART01.a(USBUART_hid.o)
                0x00001740                USBUART_DispatchHIDClassRqst
 .text.USBUART_FindHidClassDecriptor
                0x00001938       0x8c .\ARM_GCC_541\Debug\USBFS_UART01.a(USBUART_hid.o)
                0x00001938                USBUART_FindHidClassDecriptor
 .text.USBUART_FindReportDescriptor
                0x000019c4       0xa0 .\ARM_GCC_541\Debug\USBFS_UART01.a(USBUART_hid.o)
                0x000019c4                USBUART_FindReportDescriptor
 .text.USBUART_FindReport
                0x00001a64      0x100 .\ARM_GCC_541\Debug\USBFS_UART01.a(USBUART_hid.o)
                0x00001a64                USBUART_FindReport
 .text.USBUART_DP_ISR
                0x00001b64       0x10 .\ARM_GCC_541\Debug\USBFS_UART01.a(USBUART_pm.o)
                0x00001b64                USBUART_DP_ISR
 .text.USBUART_HandleStandardRqst
                0x00001b74      0x494 .\ARM_GCC_541\Debug\USBFS_UART01.a(USBUART_std.o)
                0x00001b74                USBUART_HandleStandardRqst
 .text.USBUART_ReadDieID
                0x00002008       0xb8 .\ARM_GCC_541\Debug\USBFS_UART01.a(USBUART_std.o)
                0x00002008                USBUART_ReadDieID
 .text.USBUART_ConfigReg
                0x000020c0       0xe4 .\ARM_GCC_541\Debug\USBFS_UART01.a(USBUART_std.o)
                0x000020c0                USBUART_ConfigReg
 .text.USBUART_Config
                0x000021a4      0x43c .\ARM_GCC_541\Debug\USBFS_UART01.a(USBUART_std.o)
                0x000021a4                USBUART_Config
 .text.USBUART_ConfigAltChanged
                0x000025e0      0x220 .\ARM_GCC_541\Debug\USBFS_UART01.a(USBUART_std.o)
                0x000025e0                USBUART_ConfigAltChanged
 .text.USBUART_GetConfigTablePtr
                0x00002800       0x58 .\ARM_GCC_541\Debug\USBFS_UART01.a(USBUART_std.o)
                0x00002800                USBUART_GetConfigTablePtr
 .text.USBUART_GetDeviceTablePtr
                0x00002858       0x24 .\ARM_GCC_541\Debug\USBFS_UART01.a(USBUART_std.o)
                0x00002858                USBUART_GetDeviceTablePtr
 .text.USBUART_GetInterfaceClassTablePtr
                0x0000287c       0x54 .\ARM_GCC_541\Debug\USBFS_UART01.a(USBUART_std.o)
                0x0000287c                USBUART_GetInterfaceClassTablePtr
 .text.USBUART_SetEndpointHalt
                0x000028d0       0xec .\ARM_GCC_541\Debug\USBFS_UART01.a(USBUART_std.o)
                0x000028d0                USBUART_SetEndpointHalt
 .text.USBUART_ClearEndpointHalt
                0x000029bc      0x14c .\ARM_GCC_541\Debug\USBFS_UART01.a(USBUART_std.o)
                0x000029bc                USBUART_ClearEndpointHalt
 .text.USBUART_ValidateAlternateSetting
                0x00002b08       0x9c .\ARM_GCC_541\Debug\USBFS_UART01.a(USBUART_std.o)
                0x00002b08                USBUART_ValidateAlternateSetting
 .text.USBUART_HandleVendorRqst
                0x00002ba4       0x54 .\ARM_GCC_541\Debug\USBFS_UART01.a(USBUART_vnd.o)
                0x00002ba4                USBUART_HandleVendorRqst
 .text.USBUART_Dp_ClearInterrupt
                0x00002bf8       0x2c .\ARM_GCC_541\Debug\USBFS_UART01.a(USBUART_Dp.o)
                0x00002bf8                USBUART_Dp_ClearInterrupt
 .text.CySysClkImoEnableWcoLock
                0x00002c24      0x154 .\ARM_GCC_541\Debug\USBFS_UART01.a(CyLib.o)
                0x00002c24                CySysClkImoEnableWcoLock
 .text.CySysClkImoDisableWcoLock
                0x00002d78       0x20 .\ARM_GCC_541\Debug\USBFS_UART01.a(CyLib.o)
                0x00002d78                CySysClkImoDisableWcoLock
 .text.CySysClkImoGetWcoLock
                0x00002d98       0x20 .\ARM_GCC_541\Debug\USBFS_UART01.a(CyLib.o)
                0x00002d98                CySysClkImoGetWcoLock
 .text.CySysClkImoEnableUsbLock
                0x00002db8       0x50 .\ARM_GCC_541\Debug\USBFS_UART01.a(CyLib.o)
                0x00002db8                CySysClkImoEnableUsbLock
 .text.CySysClkImoDisableUsbLock
                0x00002e08       0x38 .\ARM_GCC_541\Debug\USBFS_UART01.a(CyLib.o)
                0x00002e08                CySysClkImoDisableUsbLock
 .text.CySysClkImoGetUsbLock
                0x00002e40       0x20 .\ARM_GCC_541\Debug\USBFS_UART01.a(CyLib.o)
                0x00002e40                CySysClkImoGetUsbLock
 .text.CySysClkWriteImoFreq
                0x00002e60      0x264 .\ARM_GCC_541\Debug\USBFS_UART01.a(CyLib.o)
                0x00002e60                CySysClkWriteImoFreq
 .text.CyIntSetVector
                0x000030c4       0x4c .\ARM_GCC_541\Debug\USBFS_UART01.a(CyLib.o)
                0x000030c4                CyIntSetVector
 .text.CyIntSetPriority
                0x00003110       0xa8 .\ARM_GCC_541\Debug\USBFS_UART01.a(CyLib.o)
                0x00003110                CyIntSetPriority
 .text.CyIntEnable
                0x000031b8       0x2c .\ARM_GCC_541\Debug\USBFS_UART01.a(CyLib.o)
                0x000031b8                CyIntEnable
 .text.CyHalt   0x000031e4       0x18 .\ARM_GCC_541\Debug\USBFS_UART01.a(CyLib.o)
                0x000031e4                CyHalt
 .text.CyDelay  0x000031fc       0x4c .\ARM_GCC_541\Debug\USBFS_UART01.a(CyLib.o)
                0x000031fc                CyDelay
 .text.CyDelayUs
                0x00003248       0x28 .\ARM_GCC_541\Debug\USBFS_UART01.a(CyLib.o)
                0x00003248                CyDelayUs
 .text.CyGetUniqueId
                0x00003270       0xc0 .\ARM_GCC_541\Debug\USBFS_UART01.a(CyLib.o)
                0x00003270                CyGetUniqueId
 .text.CySysClkWcoEnabled
                0x00003330       0x1c .\ARM_GCC_541\Debug\USBFS_UART01.a(CyLFClk.o)
                0x00003330                CySysClkWcoEnabled
 *fill*         0x0000334c        0x4 
 .text          0x00003350       0x20 .\ARM_GCC_541\Debug\USBFS_UART01.a(CyBootAsmGnu.o)
                0x00003350                CyDelayCycles
                0x00003362                CyEnterCriticalSection
                0x0000336a                CyExitCriticalSection
 .text.USBUART_DispatchClassRqst
                0x00003370       0x94 .\ARM_GCC_541\Debug\USBFS_UART01.a(USBUART_cls.o)
                0x00003370                USBUART_DispatchClassRqst
 .text.CySysFlashSetWaitCycles
                0x00003404       0x78 .\ARM_GCC_541\Debug\USBFS_UART01.a(CyFlash.o)
                0x00003404                CySysFlashSetWaitCycles
 .text.__errno  0x0000347c        0xc c:/program files (x86)/cypress/psoc creator/4.2/psoc creator/import/gnu/arm/5.4.1/bin/../lib/gcc/arm-none-eabi/5.4.1/../../../../arm-none-eabi/lib/armv6-m\libg_nano.a(lib_a-errno.o)
                0x0000347c                __errno
 .text.__libc_init_array
                0x00003488       0x4c c:/program files (x86)/cypress/psoc creator/4.2/psoc creator/import/gnu/arm/5.4.1/bin/../lib/gcc/arm-none-eabi/5.4.1/../../../../arm-none-eabi/lib/armv6-m\libg_nano.a(lib_a-init.o)
                0x00003488                __libc_init_array
 .text.memset   0x000034d4       0x10 c:/program files (x86)/cypress/psoc creator/4.2/psoc creator/import/gnu/arm/5.4.1/bin/../lib/gcc/arm-none-eabi/5.4.1/../../../../arm-none-eabi/lib/armv6-m\libg_nano.a(lib_a-memset.o)
                0x000034d4                memset
 *(.plt)
 *(.gnu.warning)
 *(.glue_7t)
 .glue_7t       0x000034e4        0x0 linker stubs
 *(.glue_7)
 .glue_7        0x000034e4        0x0 linker stubs
 *(.vfp11_veneer)
 .vfp11_veneer  0x000034e4        0x0 linker stubs
 *(.bootloader)
 *(.ARM.extab* .gnu.linkonce.armextab.*)
 *(.gcc_except_table)

.v4_bx          0x000034e4        0x0
 .v4_bx         0x000034e4        0x0 linker stubs

.iplt           0x000034e4        0x0
 .iplt          0x000034e4        0x0 c:/program files (x86)/cypress/psoc creator/4.2/psoc creator/import/gnu/arm/5.4.1/bin/../lib/gcc/arm-none-eabi/5.4.1/armv6-m/crtbegin.o

.eh_frame_hdr
 *(.eh_frame_hdr)

.eh_frame       0x000034e4        0x4
 *(.eh_frame)
 .eh_frame      0x000034e4        0x0 c:/program files (x86)/cypress/psoc creator/4.2/psoc creator/import/gnu/arm/5.4.1/bin/../lib/gcc/arm-none-eabi/5.4.1/armv6-m/crtbegin.o
 .eh_frame      0x000034e4        0x4 c:/program files (x86)/cypress/psoc creator/4.2/psoc creator/import/gnu/arm/5.4.1/bin/../lib/gcc/arm-none-eabi/5.4.1/armv6-m/crtend.o
                [!provide]                PROVIDE (__exidx_start, .)

.ARM.exidx
 *(.ARM.exidx* .gnu.linkonce.armexidx.*)
                0x000034e8                __exidx_end = .

.rodata         0x000034e8      0x6b0
 *(.rodata .rodata.* .gnu.linkonce.r.*)
 .rodata        0x000034e8      0x3e0 .\ARM_GCC_541\Debug\cyfitter_cfg.o
 .rodata        0x000038c8       0x34 .\ARM_GCC_541\Debug\USBFS_UART01.a(USBUART_episr.o)
 .rodata        0x000038fc       0x41 .\ARM_GCC_541\Debug\USBFS_UART01.a(USBUART_std.o)
 *fill*         0x0000393d        0x3 
 .rodata        0x00003940       0x47 .\ARM_GCC_541\Debug\USBFS_UART01.a(CyLib.o)
                0x00003940                cyImoFreqMhz2Reg
                0x00003970                cyImoFreqMhz2DpllOffset
 *fill*         0x00003987        0x1 
 .rodata        0x00003988      0x1d4 .\ARM_GCC_541\Debug\USBFS_UART01.a(USBUART_descr.o)
                0x00003988                USBUART_DEVICE0_DESCR
                0x0000399c                USBUART_DEVICE0_CONFIGURATION0_DESCR
                0x000039e0                USBUART_STRING_DESCRIPTORS
                0x00003a80                USBUART_SN_STRING_DESCRIPTOR
                0x00003a84                USBUART_HIDREPORT_DESCRIPTOR1
                0x00003abc                USBUART_DEVICE0_CONFIGURATION0_EP_SETTINGS_TABLE
                0x00003ad4                USBUART_DEVICE0_CONFIGURATION0_INTERFACE_CLASS
                0x00003ad8                USBUART_DEVICE0_CONFIGURATION0_TABLE
                0x00003b00                USBUART_DEVICE0_TABLE
                0x00003b18                USBUART_TABLE
                0x00003b20                USBUART_MSOS_DESCRIPTOR
                0x00003b34                USBUART_MSOS_CONFIGURATION_DESCR
 .rodata.str1.1
                0x00003b5c        0x2 c:/program files (x86)/cypress/psoc creator/4.2/psoc creator/import/gnu/arm/5.4.1/bin/../lib/gcc/arm-none-eabi/5.4.1/../../../../arm-none-eabi/lib/armv6-m\libg_nano.a(lib_a-impure.o)
                0x00003b60                . = ALIGN (0x4)
 *fill*         0x00003b5e        0x2 
 *(.init)
 .init          0x00003b60        0x4 c:/program files (x86)/cypress/psoc creator/4.2/psoc creator/import/gnu/arm/5.4.1/bin/../lib/gcc/arm-none-eabi/5.4.1/armv6-m/crti.o
                0x00003b60                _init
 .init          0x00003b64        0x8 c:/program files (x86)/cypress/psoc creator/4.2/psoc creator/import/gnu/arm/5.4.1/bin/../lib/gcc/arm-none-eabi/5.4.1/armv6-m/crtn.o
                0x00003b6c                . = ALIGN (0x4)
                0x00003b6c                __preinit_array_start = .
 *(.preinit_array)
                0x00003b6c                __preinit_array_end = .
                0x00003b6c                . = ALIGN (0x4)
                0x00003b6c                __init_array_start = .
 *(SORT(.init_array.*))
 *(.init_array)
 .init_array    0x00003b6c        0x4 c:/program files (x86)/cypress/psoc creator/4.2/psoc creator/import/gnu/arm/5.4.1/bin/../lib/gcc/arm-none-eabi/5.4.1/armv6-m/crtbegin.o
 .init_array    0x00003b70        0x4 .\ARM_GCC_541\Debug\Cm0Start.o
                0x00003b74                __init_array_end = .
                0x00003b74                . = ALIGN (0x4)
 *(.fini)
 .fini          0x00003b74        0x4 c:/program files (x86)/cypress/psoc creator/4.2/psoc creator/import/gnu/arm/5.4.1/bin/../lib/gcc/arm-none-eabi/5.4.1/armv6-m/crti.o
                0x00003b74                _fini
 .fini          0x00003b78        0x8 c:/program files (x86)/cypress/psoc creator/4.2/psoc creator/import/gnu/arm/5.4.1/bin/../lib/gcc/arm-none-eabi/5.4.1/armv6-m/crtn.o
                0x00003b80                . = ALIGN (0x4)
                0x00003b80                __fini_array_start = .
 *(.fini_array)
 .fini_array    0x00003b80        0x4 c:/program files (x86)/cypress/psoc creator/4.2/psoc creator/import/gnu/arm/5.4.1/bin/../lib/gcc/arm-none-eabi/5.4.1/armv6-m/crtbegin.o
 *(SORT(.fini_array.*))
                0x00003b84                __fini_array_end = .
                0x00003b84                . = ALIGN (0x4)
 *crtbegin.o(.ctors)
 *(EXCLUDE_FILE(*crtend.o) .ctors)
 *(SORT(.ctors.*))
 *crtend.o(.ctors)
                0x00003b84                . = ALIGN (0x4)
 *crtbegin.o(.dtors)
 *(EXCLUDE_FILE(*crtend.o) .dtors)
 *(SORT(.dtors.*))
 *crtend.o(.dtors)
                0x00003b84                . = ALIGN (0x4)
                0x00003b84                __cy_regions = .
                0x00003b84        0x4 LONG 0x3b98 __cy_region_init_ram
                0x00003b88        0x4 LONG 0x200000c8 __cy_region_start_data
                0x00003b8c        0x4 LONG 0x98 __cy_region_init_size_ram
                0x00003b90        0x4 LONG 0x128 __cy_region_zero_size_ram
                0x00003b94                __cy_regions_end = .
                0x00003b98                . = ALIGN (0x8)
 *fill*         0x00003b94        0x4 
                0x00003b98                _etext = .

.cy_checksum_exclude
                0x00003b98        0x0
 *(.cy_checksum_exclude)

.ramvectors     0x20000000       0xc0
                0x20000000                __cy_region_start_ram = .
 *(.ramvectors)
 .ramvectors    0x20000000       0xc0 .\ARM_GCC_541\Debug\Cm0Start.o
                0x20000000                CyRamVectors

.noinit         0x200000c0        0x4
 *(.noinit)
 .noinit        0x200000c0        0x4 .\ARM_GCC_541\Debug\Cm0Start.o

.data           0x200000c8       0x98 load address 0x00003b98
                0x200000c8                __cy_region_start_data = .
 *(.jcr)
 .jcr           0x200000c8        0x0 c:/program files (x86)/cypress/psoc creator/4.2/psoc creator/import/gnu/arm/5.4.1/bin/../lib/gcc/arm-none-eabi/5.4.1/armv6-m/crtbegin.o
 .jcr           0x200000c8        0x4 c:/program files (x86)/cypress/psoc creator/4.2/psoc creator/import/gnu/arm/5.4.1/bin/../lib/gcc/arm-none-eabi/5.4.1/armv6-m/crtend.o
 *(.got.plt)
 *(.got)
 *(.shdata)
 *(.data .data.* .gnu.linkonce.d.*)
 .data          0x200000cc       0x1a .\ARM_GCC_541\Debug\USBFS_UART01.a(USBUART_cdc.o)
                0x200000cc                USBUART_linesCoding
 *fill*         0x200000e6        0x2 
 .data          0x200000e8       0x14 .\ARM_GCC_541\Debug\USBFS_UART01.a(CyLib.o)
                0x200000e8                cydelayFreqHz
                0x200000ec                cydelayFreqKhz
                0x200000f0                cydelayFreqMhz
                0x200000f4                cydelay32kMs
                0x200000f8                CySysClkPumpConfig
 .data.impure_data
                0x200000fc       0x60 c:/program files (x86)/cypress/psoc creator/4.2/psoc creator/import/gnu/arm/5.4.1/bin/../lib/gcc/arm-none-eabi/5.4.1/../../../../arm-none-eabi/lib/armv6-m\libg_nano.a(lib_a-impure.o)
 .data._impure_ptr
                0x2000015c        0x4 c:/program files (x86)/cypress/psoc creator/4.2/psoc creator/import/gnu/arm/5.4.1/bin/../lib/gcc/arm-none-eabi/5.4.1/../../../../arm-none-eabi/lib/armv6-m\libg_nano.a(lib_a-impure.o)
                0x2000015c                _impure_ptr
                0x20000160                . = ALIGN (0x8)
 *(.ram)
                0x20000160                _edata = .

.igot.plt       0x20000160        0x0 load address 0x00003c30
 .igot.plt      0x20000160        0x0 c:/program files (x86)/cypress/psoc creator/4.2/psoc creator/import/gnu/arm/5.4.1/bin/../lib/gcc/arm-none-eabi/5.4.1/armv6-m/crtbegin.o

.bss            0x20000160      0x128 load address 0x00003c30
                0x20000160                PROVIDE (__bss_start__, .)
 *(.shbss)
 *(.bss .bss.* .gnu.linkonce.b.*)
 .bss           0x20000160       0x1c c:/program files (x86)/cypress/psoc creator/4.2/psoc creator/import/gnu/arm/5.4.1/bin/../lib/gcc/arm-none-eabi/5.4.1/armv6-m/crtbegin.o
 .bss           0x2000017c        0x1 .\ARM_GCC_541\Debug\USBFS_UART01.a(USBUART.o)
                0x2000017c                USBUART_initVar
 .bss           0x2000017d        0x1 .\ARM_GCC_541\Debug\USBFS_UART01.a(USBUART_cdc.o)
 *fill*         0x2000017e        0x2 
 .bss           0x20000180        0x2 .\ARM_GCC_541\Debug\USBFS_UART01.a(USBUART_std.o)
 *fill*         0x20000182        0x2 
 .bss           0x20000184       0x1c .\ARM_GCC_541\Debug\USBFS_UART01.a(CyLib.o)
                0x20000198                CySysTickInitVar
                0x2000019c                CySysClkImoTrim4
 *(COMMON)
 COMMON         0x200001a0       0x18 .\ARM_GCC_541\Debug\USBFS_UART01.a(USBUART_cdc.o)
                0x200001a0                USBUART_linesChanged
                0x200001a4                USBUART_cdcDataInEp
                0x200001a8                USBUART_cdcCommInInterruptEp
                0x200001ac                USBUART_cdcDataOutEp
                0x200001b0                USBUART_serialStateBitmap
                0x200001b4                USBUART_linesControlBitmap
 COMMON         0x200001b8       0x9a .\ARM_GCC_541\Debug\USBFS_UART01.a(USBUART_drv.o)
                0x200001b8                USBUART_lastPacketSize
                0x200001b9                USBUART_device
                0x200001ba                USBUART_transferByteCount
                0x200001bc                USBUART_transferState
                0x200001c0                USBUART_interfaceSettingLast
                0x200001c4                USBUART_currentTD
                0x200001d0                USBUART_interfaceNumber
                0x200001d4                USBUART_interfaceClass
                0x200001d8                USBUART_configurationChanged
                0x200001d9                USBUART_ep0Mode
                0x200001da                USBUART_deviceAddress
                0x200001db                USBUART_configuration
                0x200001dc                USBUART_ep0Count
                0x200001dd                USBUART_deviceStatus
                0x200001e0                USBUART_EP
                0x2000024c                USBUART_interfaceSetting
                0x2000024e                USBUART_ep0Toggle
                0x20000250                USBUART_interfaceStatus
 *fill*         0x20000252        0x2 
 COMMON         0x20000254        0xa .\ARM_GCC_541\Debug\USBFS_UART01.a(USBUART_hid.o)
                0x20000254                USBUART_hidProtocol
                0x20000258                USBUART_hidIdleTimer
                0x2000025c                USBUART_hidIdleRate
 *fill*         0x2000025e        0x2 
 COMMON         0x20000260       0x22 .\ARM_GCC_541\Debug\USBFS_UART01.a(USBUART_descr.o)
                0x20000260                USBUART_idSerialNumberStringDescriptor
                0x20000288                . = ALIGN (0x8)
 *fill*         0x20000282        0x6 
 *(.ram.b)
                0x20000288                _end = .
                0x20000288                __end = .
                0x20000288                PROVIDE (end, .)
                0x20000288                PROVIDE (__bss_end__, .)
                0x00003b98                __cy_region_init_ram = LOADADDR (.data)
                0x00000098                __cy_region_init_size_ram = (_edata - ADDR (.data))
                0x00000128                __cy_region_zero_size_ram = (_end - _edata)

.heap           0x20000288       0x80 load address 0x00003c30
                0x20000288                . = _end
                0x20000308                . = (. + 0x80)
 *fill*         0x20000288       0x80 
                0x20000308                __cy_heap_limit = .

.stack          0x20003800      0x800
                0x20003800                __cy_stack_limit = .
                0x20004000                . = (. + 0x800)
 *fill*         0x20003800      0x800 
                0x00000001                ASSERT ((__cy_stack_limit >= __cy_heap_limit), region RAM overflowed with stack)
                0x00000000                cy_checksum_exclude_size = (CY_APPL_LOADABLE == 0x1)?SIZEOF (.cy_checksum_exclude):0x0
                0x00000001                ASSERT ((cy_checksum_exclude_size <= CY_CHECKSUM_EXCLUDE_SIZE), CY_BOOT: Section .cy_checksum_exclude size exceedes specified limit.)
                0x0001ffc0                cyloadermeta_start = (cy_project_type_bootloader || cy_project_type_app_for_stack_and_copier)?(LENGTH (rom) - CY_METADATA_SIZE):0xf0000000

.cyloadermeta
 *(.cyloadermeta)
                0x0001ffc0                cyloadablemeta_start = cy_project_type_app_for_stack_and_copier?((LENGTH (rom) - CY_FLASH_ROW_SIZE) - CY_METADATA_SIZE):((LENGTH (rom) - (CY_FLASH_ROW_SIZE * (CY_APPL_NUM - 0x1))) - CY_METADATA_SIZE)

.cyloadablemeta
 *(.cyloadablemeta)

.cyflashprotect
                0x90400000       0x40
 *(.cyflashprotect)
 .cyflashprotect
                0x90400000       0x40 .\ARM_GCC_541\Debug\cymetadata.o
                0x90400000                cy_meta_flashprotect

.cymeta         0x90500000        0xc
 *(.cymeta)
 .cymeta        0x90500000        0xc .\ARM_GCC_541\Debug\cymetadata.o
                0x90500000                cy_metadata

.cychipprotect  0x90600000        0x1
 *(.cychipprotect)
 .cychipprotect
                0x90600000        0x1 .\ARM_GCC_541\Debug\cymetadata.o
                0x90600000                cy_meta_chipprotect

.rel.dyn        0x00003c30        0x0 load address 0x90600004
 .rel.iplt      0x00003c30        0x0 c:/program files (x86)/cypress/psoc creator/4.2/psoc creator/import/gnu/arm/5.4.1/bin/../lib/gcc/arm-none-eabi/5.4.1/armv6-m/crtbegin.o

.stab
 *(.stab)

.stabstr
 *(.stabstr)

.debug
 *(.debug)

.line
 *(.line)

.debug_srcinfo
 *(.debug_srcinfo)

.debug_sfnames
 *(.debug_sfnames)

.debug_aranges  0x00000000      0x970
 *(.debug_aranges)
 .debug_aranges
                0x00000000       0x20 .\ARM_GCC_541\Debug\main.o
 .debug_aranges
                0x00000020       0x50 .\ARM_GCC_541\Debug\cyfitter_cfg.o
 .debug_aranges
                0x00000070       0x18 .\ARM_GCC_541\Debug\cymetadata.o
 .debug_aranges
                0x00000088       0x48 .\ARM_GCC_541\Debug\Cm0Start.o
 .debug_aranges
                0x000000d0       0xc8 .\ARM_GCC_541\Debug\USBFS_UART01.a(USBUART.o)
 .debug_aranges
                0x00000198       0xe8 .\ARM_GCC_541\Debug\USBFS_UART01.a(USBUART_cdc.o)
 .debug_aranges
                0x00000280       0x98 .\ARM_GCC_541\Debug\USBFS_UART01.a(USBUART_drv.o)
 .debug_aranges
                0x00000318       0x60 .\ARM_GCC_541\Debug\USBFS_UART01.a(USBUART_episr.o)
 .debug_aranges
                0x00000378       0x48 .\ARM_GCC_541\Debug\USBFS_UART01.a(USBUART_hid.o)
 .debug_aranges
                0x000003c0       0x40 .\ARM_GCC_541\Debug\USBFS_UART01.a(USBUART_pm.o)
 .debug_aranges
                0x00000400       0x80 .\ARM_GCC_541\Debug\USBFS_UART01.a(USBUART_std.o)
 .debug_aranges
                0x00000480       0x20 .\ARM_GCC_541\Debug\USBFS_UART01.a(USBUART_vnd.o)
 .debug_aranges
                0x000004a0       0x48 .\ARM_GCC_541\Debug\USBFS_UART01.a(USBUART_Dp.o)
 .debug_aranges
                0x000004e8      0x260 .\ARM_GCC_541\Debug\USBFS_UART01.a(CyLib.o)
 .debug_aranges
                0x00000748      0x190 .\ARM_GCC_541\Debug\USBFS_UART01.a(CyLFClk.o)
 .debug_aranges
                0x000008d8       0x20 .\ARM_GCC_541\Debug\USBFS_UART01.a(CyBootAsmGnu.o)
 .debug_aranges
                0x000008f8       0x20 .\ARM_GCC_541\Debug\USBFS_UART01.a(USBUART_cls.o)
 .debug_aranges
                0x00000918       0x18 .\ARM_GCC_541\Debug\USBFS_UART01.a(USBUART_descr.o)
 .debug_aranges
                0x00000930       0x40 .\ARM_GCC_541\Debug\USBFS_UART01.a(CyFlash.o)

.debug_pubnames
 *(.debug_pubnames)

.debug_info     0x00000000     0x583d
 *(.debug_info .gnu.linkonce.wi.*)
 .debug_info    0x00000000      0x142 .\ARM_GCC_541\Debug\main.o
 .debug_info    0x00000142      0x370 .\ARM_GCC_541\Debug\cyfitter_cfg.o
 .debug_info    0x000004b2       0xf8 .\ARM_GCC_541\Debug\cymetadata.o
 .debug_info    0x000005aa      0x312 .\ARM_GCC_541\Debug\Cm0Start.o
 .debug_info    0x000008bc      0x72a .\ARM_GCC_541\Debug\USBFS_UART01.a(USBUART.o)
 .debug_info    0x00000fe6      0x924 .\ARM_GCC_541\Debug\USBFS_UART01.a(USBUART_cdc.o)
 .debug_info    0x0000190a      0x53e .\ARM_GCC_541\Debug\USBFS_UART01.a(USBUART_drv.o)
 .debug_info    0x00001e48      0x2f2 .\ARM_GCC_541\Debug\USBFS_UART01.a(USBUART_episr.o)
 .debug_info    0x0000213a      0x387 .\ARM_GCC_541\Debug\USBFS_UART01.a(USBUART_hid.o)
 .debug_info    0x000024c1      0x18d .\ARM_GCC_541\Debug\USBFS_UART01.a(USBUART_pm.o)
 .debug_info    0x0000264e      0xa20 .\ARM_GCC_541\Debug\USBFS_UART01.a(USBUART_std.o)
 .debug_info    0x0000306e      0x1b5 .\ARM_GCC_541\Debug\USBFS_UART01.a(USBUART_vnd.o)
 .debug_info    0x00003223      0x19a .\ARM_GCC_541\Debug\USBFS_UART01.a(USBUART_Dp.o)
 .debug_info    0x000033bd     0x11da .\ARM_GCC_541\Debug\USBFS_UART01.a(CyLib.o)
 .debug_info    0x00004597      0xaa1 .\ARM_GCC_541\Debug\USBFS_UART01.a(CyLFClk.o)
 .debug_info    0x00005038       0xc3 .\ARM_GCC_541\Debug\USBFS_UART01.a(CyBootAsmGnu.o)
 .debug_info    0x000050fb      0x1d4 .\ARM_GCC_541\Debug\USBFS_UART01.a(USBUART_cls.o)
 .debug_info    0x000052cf      0x30b .\ARM_GCC_541\Debug\USBFS_UART01.a(USBUART_descr.o)
 .debug_info    0x000055da      0x263 .\ARM_GCC_541\Debug\USBFS_UART01.a(CyFlash.o)

.debug_abbrev   0x00000000     0x1795
 *(.debug_abbrev)
 .debug_abbrev  0x00000000       0x8c .\ARM_GCC_541\Debug\main.o
 .debug_abbrev  0x0000008c      0x193 .\ARM_GCC_541\Debug\cyfitter_cfg.o
 .debug_abbrev  0x0000021f       0x5d .\ARM_GCC_541\Debug\cymetadata.o
 .debug_abbrev  0x0000027c      0x1c8 .\ARM_GCC_541\Debug\Cm0Start.o
 .debug_abbrev  0x00000444      0x1fc .\ARM_GCC_541\Debug\USBFS_UART01.a(USBUART.o)
 .debug_abbrev  0x00000640      0x233 .\ARM_GCC_541\Debug\USBFS_UART01.a(USBUART_cdc.o)
 .debug_abbrev  0x00000873      0x161 .\ARM_GCC_541\Debug\USBFS_UART01.a(USBUART_drv.o)
 .debug_abbrev  0x000009d4      0x14a .\ARM_GCC_541\Debug\USBFS_UART01.a(USBUART_episr.o)
 .debug_abbrev  0x00000b1e      0x15e .\ARM_GCC_541\Debug\USBFS_UART01.a(USBUART_hid.o)
 .debug_abbrev  0x00000c7c       0xd1 .\ARM_GCC_541\Debug\USBFS_UART01.a(USBUART_pm.o)
 .debug_abbrev  0x00000d4d      0x1de .\ARM_GCC_541\Debug\USBFS_UART01.a(USBUART_std.o)
 .debug_abbrev  0x00000f2b       0xc5 .\ARM_GCC_541\Debug\USBFS_UART01.a(USBUART_vnd.o)
 .debug_abbrev  0x00000ff0       0xaa .\ARM_GCC_541\Debug\USBFS_UART01.a(USBUART_Dp.o)
 .debug_abbrev  0x0000109a      0x224 .\ARM_GCC_541\Debug\USBFS_UART01.a(CyLib.o)
 .debug_abbrev  0x000012be      0x22a .\ARM_GCC_541\Debug\USBFS_UART01.a(CyLFClk.o)
 .debug_abbrev  0x000014e8       0x14 .\ARM_GCC_541\Debug\USBFS_UART01.a(CyBootAsmGnu.o)
 .debug_abbrev  0x000014fc       0xc5 .\ARM_GCC_541\Debug\USBFS_UART01.a(USBUART_cls.o)
 .debug_abbrev  0x000015c1       0xb4 .\ARM_GCC_541\Debug\USBFS_UART01.a(USBUART_descr.o)
 .debug_abbrev  0x00001675      0x120 .\ARM_GCC_541\Debug\USBFS_UART01.a(CyFlash.o)

.debug_line     0x00000000     0x29e6
 *(.debug_line)
 .debug_line    0x00000000       0x7a .\ARM_GCC_541\Debug\main.o
 .debug_line    0x0000007a      0x198 .\ARM_GCC_541\Debug\cyfitter_cfg.o
 .debug_line    0x00000212      0x141 .\ARM_GCC_541\Debug\cymetadata.o
 .debug_line    0x00000353      0x1d0 .\ARM_GCC_541\Debug\Cm0Start.o
 .debug_line    0x00000523      0x34f .\ARM_GCC_541\Debug\USBFS_UART01.a(USBUART.o)
 .debug_line    0x00000872      0x30e .\ARM_GCC_541\Debug\USBFS_UART01.a(USBUART_cdc.o)
 .debug_line    0x00000b80      0x23a .\ARM_GCC_541\Debug\USBFS_UART01.a(USBUART_drv.o)
 .debug_line    0x00000dba      0x14d .\ARM_GCC_541\Debug\USBFS_UART01.a(USBUART_episr.o)
 .debug_line    0x00000f07      0x181 .\ARM_GCC_541\Debug\USBFS_UART01.a(USBUART_hid.o)
 .debug_line    0x00001088       0xd8 .\ARM_GCC_541\Debug\USBFS_UART01.a(USBUART_pm.o)
 .debug_line    0x00001160      0x468 .\ARM_GCC_541\Debug\USBFS_UART01.a(USBUART_std.o)
 .debug_line    0x000015c8       0x8f .\ARM_GCC_541\Debug\USBFS_UART01.a(USBUART_vnd.o)
 .debug_line    0x00001657       0xc2 .\ARM_GCC_541\Debug\USBFS_UART01.a(USBUART_Dp.o)
 .debug_line    0x00001719      0x8c2 .\ARM_GCC_541\Debug\USBFS_UART01.a(CyLib.o)
 .debug_line    0x00001fdb      0x708 .\ARM_GCC_541\Debug\USBFS_UART01.a(CyLFClk.o)
 .debug_line    0x000026e3       0x68 .\ARM_GCC_541\Debug\USBFS_UART01.a(CyBootAsmGnu.o)
 .debug_line    0x0000274b       0x97 .\ARM_GCC_541\Debug\USBFS_UART01.a(USBUART_cls.o)
 .debug_line    0x000027e2       0x61 .\ARM_GCC_541\Debug\USBFS_UART01.a(USBUART_descr.o)
 .debug_line    0x00002843      0x1a3 .\ARM_GCC_541\Debug\USBFS_UART01.a(CyFlash.o)

.debug_frame    0x00000000     0x27fc
 *(.debug_frame)
 .debug_frame   0x00000000       0x34 .\ARM_GCC_541\Debug\main.o
 .debug_frame   0x00000034       0xe8 .\ARM_GCC_541\Debug\cyfitter_cfg.o
 .debug_frame   0x0000011c       0xc8 .\ARM_GCC_541\Debug\Cm0Start.o
 .debug_frame   0x000001e4      0x2d4 .\ARM_GCC_541\Debug\USBFS_UART01.a(USBUART.o)
 .debug_frame   0x000004b8      0x340 .\ARM_GCC_541\Debug\USBFS_UART01.a(USBUART_cdc.o)
 .debug_frame   0x000007f8      0x1f0 .\ARM_GCC_541\Debug\USBFS_UART01.a(USBUART_drv.o)
 .debug_frame   0x000009e8      0x110 .\ARM_GCC_541\Debug\USBFS_UART01.a(USBUART_episr.o)
 .debug_frame   0x00000af8       0xd4 .\ARM_GCC_541\Debug\USBFS_UART01.a(USBUART_hid.o)
 .debug_frame   0x00000bcc       0xac .\ARM_GCC_541\Debug\USBFS_UART01.a(USBUART_pm.o)
 .debug_frame   0x00000c78      0x1c0 .\ARM_GCC_541\Debug\USBFS_UART01.a(USBUART_std.o)
 .debug_frame   0x00000e38       0x34 .\ARM_GCC_541\Debug\USBFS_UART01.a(USBUART_vnd.o)
 .debug_frame   0x00000e6c       0xc8 .\ARM_GCC_541\Debug\USBFS_UART01.a(USBUART_Dp.o)
 .debug_frame   0x00000f34      0x91c .\ARM_GCC_541\Debug\USBFS_UART01.a(CyLib.o)
 .debug_frame   0x00001850      0x5dc .\ARM_GCC_541\Debug\USBFS_UART01.a(CyLFClk.o)
 .debug_frame   0x00001e2c       0x34 .\ARM_GCC_541\Debug\USBFS_UART01.a(USBUART_cls.o)
 .debug_frame   0x00001e60       0xbc .\ARM_GCC_541\Debug\USBFS_UART01.a(CyFlash.o)
 .debug_frame   0x00001f1c       0x20 c:/program files (x86)/cypress/psoc creator/4.2/psoc creator/import/gnu/arm/5.4.1/bin/../lib/gcc/arm-none-eabi/5.4.1/armv6-m\libgcc.a(_udivsi3.o)
 .debug_frame   0x00001f3c       0x20 c:/program files (x86)/cypress/psoc creator/4.2/psoc creator/import/gnu/arm/5.4.1/bin/../lib/gcc/arm-none-eabi/5.4.1/armv6-m\libgcc.a(_divsi3.o)
 .debug_frame   0x00001f5c       0x20 c:/program files (x86)/cypress/psoc creator/4.2/psoc creator/import/gnu/arm/5.4.1/bin/../lib/gcc/arm-none-eabi/5.4.1/../../../../arm-none-eabi/lib/armv6-m\libg_nano.a(lib_a-errno.o)
 .debug_frame   0x00001f7c       0x28 c:/program files (x86)/cypress/psoc creator/4.2/psoc creator/import/gnu/arm/5.4.1/bin/../lib/gcc/arm-none-eabi/5.4.1/../../../../arm-none-eabi/lib/armv6-m\libg_nano.a(lib_a-exit.o)
 .debug_frame   0x00001fa4       0x2c c:/program files (x86)/cypress/psoc creator/4.2/psoc creator/import/gnu/arm/5.4.1/bin/../lib/gcc/arm-none-eabi/5.4.1/../../../../arm-none-eabi/lib/armv6-m\libg_nano.a(lib_a-init.o)
 .debug_frame   0x00001fd0       0x28 c:/program files (x86)/cypress/psoc creator/4.2/psoc creator/import/gnu/arm/5.4.1/bin/../lib/gcc/arm-none-eabi/5.4.1/../../../../arm-none-eabi/lib/armv6-m\libg_nano.a(lib_a-memcpy-stub.o)
 .debug_frame   0x00001ff8       0x20 c:/program files (x86)/cypress/psoc creator/4.2/psoc creator/import/gnu/arm/5.4.1/bin/../lib/gcc/arm-none-eabi/5.4.1/../../../../arm-none-eabi/lib/armv6-m\libg_nano.a(lib_a-memset.o)
 .debug_frame   0x00002018       0x74 c:/program files (x86)/cypress/psoc creator/4.2/psoc creator/import/gnu/arm/5.4.1/bin/../lib/gcc/arm-none-eabi/5.4.1/../../../../arm-none-eabi/lib/armv6-m\libg_nano.a(lib_a-nano-vfprintf_float.o)
 .debug_frame   0x0000208c       0x54 c:/program files (x86)/cypress/psoc creator/4.2/psoc creator/import/gnu/arm/5.4.1/bin/../lib/gcc/arm-none-eabi/5.4.1/../../../../arm-none-eabi/lib/armv6-m\libg_nano.a(lib_a-nano-vfprintf_i.o)
 .debug_frame   0x000020e0       0x54 c:/program files (x86)/cypress/psoc creator/4.2/psoc creator/import/gnu/arm/5.4.1/bin/../lib/gcc/arm-none-eabi/5.4.1/../../../../arm-none-eabi/lib/armv6-m\libg_nano.a(lib_a-dtoa.o)
 .debug_frame   0x00002134       0xa4 c:/program files (x86)/cypress/psoc creator/4.2/psoc creator/import/gnu/arm/5.4.1/bin/../lib/gcc/arm-none-eabi/5.4.1/../../../../arm-none-eabi/lib/armv6-m\libg_nano.a(lib_a-locale.o)
 .debug_frame   0x000021d8       0x40 c:/program files (x86)/cypress/psoc creator/4.2/psoc creator/import/gnu/arm/5.4.1/bin/../lib/gcc/arm-none-eabi/5.4.1/../../../../arm-none-eabi/lib/armv6-m\libg_nano.a(lib_a-malloc.o)
 .debug_frame   0x00002218       0x20 c:/program files (x86)/cypress/psoc creator/4.2/psoc creator/import/gnu/arm/5.4.1/bin/../lib/gcc/arm-none-eabi/5.4.1/../../../../arm-none-eabi/lib/armv6-m\libg_nano.a(lib_a-memchr-stub.o)
 .debug_frame   0x00002238      0x238 c:/program files (x86)/cypress/psoc creator/4.2/psoc creator/import/gnu/arm/5.4.1/bin/../lib/gcc/arm-none-eabi/5.4.1/../../../../arm-none-eabi/lib/armv6-m\libg_nano.a(lib_a-mprec.o)
 .debug_frame   0x00002470       0x2c c:/program files (x86)/cypress/psoc creator/4.2/psoc creator/import/gnu/arm/5.4.1/bin/../lib/gcc/arm-none-eabi/5.4.1/../../../../arm-none-eabi/lib/armv6-m\libg_nano.a(lib_a-nano-callocr.o)
 .debug_frame   0x0000249c       0x2c c:/program files (x86)/cypress/psoc creator/4.2/psoc creator/import/gnu/arm/5.4.1/bin/../lib/gcc/arm-none-eabi/5.4.1/../../../../arm-none-eabi/lib/armv6-m\libg_nano.a(lib_a-nano-freer.o)
 .debug_frame   0x000024c8       0x2c c:/program files (x86)/cypress/psoc creator/4.2/psoc creator/import/gnu/arm/5.4.1/bin/../lib/gcc/arm-none-eabi/5.4.1/../../../../arm-none-eabi/lib/armv6-m\libg_nano.a(lib_a-nano-mallocr.o)
 .debug_frame   0x000024f4       0x2c c:/program files (x86)/cypress/psoc creator/4.2/psoc creator/import/gnu/arm/5.4.1/bin/../lib/gcc/arm-none-eabi/5.4.1/../../../../arm-none-eabi/lib/armv6-m\libg_nano.a(lib_a-sbrkr.o)
 .debug_frame   0x00002520       0x20 c:/program files (x86)/cypress/psoc creator/4.2/psoc creator/import/gnu/arm/5.4.1/bin/../lib/gcc/arm-none-eabi/5.4.1/../../../../arm-none-eabi/lib/armv6-m\libg_nano.a(lib_a-strcmp.o)
 .debug_frame   0x00002540       0x30 c:/program files (x86)/cypress/psoc creator/4.2/psoc creator/import/gnu/arm/5.4.1/bin/../lib/gcc/arm-none-eabi/5.4.1/../../../../arm-none-eabi/lib/armv6-m\libg_nano.a(lib_a-mlock.o)
 .debug_frame   0x00002570       0x48 c:/program files (x86)/cypress/psoc creator/4.2/psoc creator/import/gnu/arm/5.4.1/bin/../lib/gcc/arm-none-eabi/5.4.1/../../../../arm-none-eabi/lib/armv6-m\libg_nano.a(lib_a-reent.o)
 .debug_frame   0x000025b8       0x3c c:/program files (x86)/cypress/psoc creator/4.2/psoc creator/import/gnu/arm/5.4.1/bin/../lib/gcc/arm-none-eabi/5.4.1/armv6-m\libgcc.a(adddf3.o)
 .debug_frame   0x000025f4       0x3c c:/program files (x86)/cypress/psoc creator/4.2/psoc creator/import/gnu/arm/5.4.1/bin/../lib/gcc/arm-none-eabi/5.4.1/armv6-m\libgcc.a(divdf3.o)
 .debug_frame   0x00002630       0x38 c:/program files (x86)/cypress/psoc creator/4.2/psoc creator/import/gnu/arm/5.4.1/bin/../lib/gcc/arm-none-eabi/5.4.1/armv6-m\libgcc.a(eqdf2.o)
 .debug_frame   0x00002668       0x38 c:/program files (x86)/cypress/psoc creator/4.2/psoc creator/import/gnu/arm/5.4.1/bin/../lib/gcc/arm-none-eabi/5.4.1/armv6-m\libgcc.a(gedf2.o)
 .debug_frame   0x000026a0       0x38 c:/program files (x86)/cypress/psoc creator/4.2/psoc creator/import/gnu/arm/5.4.1/bin/../lib/gcc/arm-none-eabi/5.4.1/armv6-m\libgcc.a(ledf2.o)
 .debug_frame   0x000026d8       0x3c c:/program files (x86)/cypress/psoc creator/4.2/psoc creator/import/gnu/arm/5.4.1/bin/../lib/gcc/arm-none-eabi/5.4.1/armv6-m\libgcc.a(muldf3.o)
 .debug_frame   0x00002714       0x38 c:/program files (x86)/cypress/psoc creator/4.2/psoc creator/import/gnu/arm/5.4.1/bin/../lib/gcc/arm-none-eabi/5.4.1/armv6-m\libgcc.a(subdf3.o)
 .debug_frame   0x0000274c       0x2c c:/program files (x86)/cypress/psoc creator/4.2/psoc creator/import/gnu/arm/5.4.1/bin/../lib/gcc/arm-none-eabi/5.4.1/armv6-m\libgcc.a(unorddf2.o)
 .debug_frame   0x00002778       0x2c c:/program files (x86)/cypress/psoc creator/4.2/psoc creator/import/gnu/arm/5.4.1/bin/../lib/gcc/arm-none-eabi/5.4.1/armv6-m\libgcc.a(fixdfsi.o)
 .debug_frame   0x000027a4       0x2c c:/program files (x86)/cypress/psoc creator/4.2/psoc creator/import/gnu/arm/5.4.1/bin/../lib/gcc/arm-none-eabi/5.4.1/armv6-m\libgcc.a(floatsidf.o)
 .debug_frame   0x000027d0       0x2c c:/program files (x86)/cypress/psoc creator/4.2/psoc creator/import/gnu/arm/5.4.1/bin/../lib/gcc/arm-none-eabi/5.4.1/armv6-m\libgcc.a(floatunsidf.o)

.debug_str      0x00000000     0x28d6
 *(.debug_str)
 .debug_str     0x00000000      0x1a6 .\ARM_GCC_541\Debug\main.o
                                0x1e6 (size before relaxing)
 .debug_str     0x000001a6      0x115 .\ARM_GCC_541\Debug\cyfitter_cfg.o
                                0x2f9 (size before relaxing)
 .debug_str     0x000002bb       0x63 .\ARM_GCC_541\Debug\cymetadata.o
                                0x1fb (size before relaxing)
 .debug_str     0x0000031e      0x119 .\ARM_GCC_541\Debug\Cm0Start.o
                                0x301 (size before relaxing)
 .debug_str     0x00000437      0x448 .\ARM_GCC_541\Debug\USBFS_UART01.a(USBUART.o)
                                0x62d (size before relaxing)
 .debug_str     0x0000087f      0x4d9 .\ARM_GCC_541\Debug\USBFS_UART01.a(USBUART_cdc.o)
                                0x74d (size before relaxing)
 .debug_str     0x00000d58      0x296 .\ARM_GCC_541\Debug\USBFS_UART01.a(USBUART_drv.o)
                                0x635 (size before relaxing)
 .debug_str     0x00000fee       0xf6 .\ARM_GCC_541\Debug\USBFS_UART01.a(USBUART_episr.o)
                                0x385 (size before relaxing)
 .debug_str     0x000010e4      0x120 .\ARM_GCC_541\Debug\USBFS_UART01.a(USBUART_hid.o)
                                0x3cf (size before relaxing)
 .debug_str     0x00001204       0xb8 .\ARM_GCC_541\Debug\USBFS_UART01.a(USBUART_pm.o)
                                0x2a5 (size before relaxing)
 .debug_str     0x000012bc      0x2fc .\ARM_GCC_541\Debug\USBFS_UART01.a(USBUART_std.o)
                                0x7f0 (size before relaxing)
 .debug_str     0x000015b8       0x5f .\ARM_GCC_541\Debug\USBFS_UART01.a(USBUART_vnd.o)
                                0x2b1 (size before relaxing)
 .debug_str     0x00001617       0xce .\ARM_GCC_541\Debug\USBFS_UART01.a(USBUART_Dp.o)
                                0x28c (size before relaxing)
 .debug_str     0x000016e5      0x8d8 .\ARM_GCC_541\Debug\USBFS_UART01.a(CyLib.o)
                                0xaf2 (size before relaxing)
 .debug_str     0x00001fbd      0x6f5 .\ARM_GCC_541\Debug\USBFS_UART01.a(CyLFClk.o)
                                0x912 (size before relaxing)
 .debug_str     0x000026b2       0x3f .\ARM_GCC_541\Debug\USBFS_UART01.a(USBUART_cls.o)
                                0x2c9 (size before relaxing)
 .debug_str     0x000026f1      0x122 .\ARM_GCC_541\Debug\USBFS_UART01.a(USBUART_descr.o)
                                0x3e3 (size before relaxing)
 .debug_str     0x00002813       0xc3 .\ARM_GCC_541\Debug\USBFS_UART01.a(CyFlash.o)
                                0x2a8 (size before relaxing)

.debug_loc
 *(.debug_loc)

.debug_macinfo
 *(.debug_macinfo)

.debug_ranges   0x00000000      0x820
 *(.debug_ranges)
 .debug_ranges  0x00000000       0x10 .\ARM_GCC_541\Debug\main.o
 .debug_ranges  0x00000010       0x40 .\ARM_GCC_541\Debug\cyfitter_cfg.o
 .debug_ranges  0x00000050       0x38 .\ARM_GCC_541\Debug\Cm0Start.o
 .debug_ranges  0x00000088       0xb8 .\ARM_GCC_541\Debug\USBFS_UART01.a(USBUART.o)
 .debug_ranges  0x00000140       0xd8 .\ARM_GCC_541\Debug\USBFS_UART01.a(USBUART_cdc.o)
 .debug_ranges  0x00000218       0x88 .\ARM_GCC_541\Debug\USBFS_UART01.a(USBUART_drv.o)
 .debug_ranges  0x000002a0       0x50 .\ARM_GCC_541\Debug\USBFS_UART01.a(USBUART_episr.o)
 .debug_ranges  0x000002f0       0x38 .\ARM_GCC_541\Debug\USBFS_UART01.a(USBUART_hid.o)
 .debug_ranges  0x00000328       0x30 .\ARM_GCC_541\Debug\USBFS_UART01.a(USBUART_pm.o)
 .debug_ranges  0x00000358       0x70 .\ARM_GCC_541\Debug\USBFS_UART01.a(USBUART_std.o)
 .debug_ranges  0x000003c8       0x10 .\ARM_GCC_541\Debug\USBFS_UART01.a(USBUART_vnd.o)
 .debug_ranges  0x000003d8       0x38 .\ARM_GCC_541\Debug\USBFS_UART01.a(USBUART_Dp.o)
 .debug_ranges  0x00000410      0x250 .\ARM_GCC_541\Debug\USBFS_UART01.a(CyLib.o)
 .debug_ranges  0x00000660      0x180 .\ARM_GCC_541\Debug\USBFS_UART01.a(CyLFClk.o)
 .debug_ranges  0x000007e0       0x10 .\ARM_GCC_541\Debug\USBFS_UART01.a(USBUART_cls.o)
 .debug_ranges  0x000007f0       0x30 .\ARM_GCC_541\Debug\USBFS_UART01.a(CyFlash.o)

.comment        0x00000000       0x6e
 .comment       0x00000000       0x6e .\ARM_GCC_541\Debug\main.o
                                 0x6f (size before relaxing)
 .comment       0x0000006e       0x6f .\ARM_GCC_541\Debug\cyfitter_cfg.o
 .comment       0x0000006e       0x6f .\ARM_GCC_541\Debug\cymetadata.o
 .comment       0x0000006e       0x6f .\ARM_GCC_541\Debug\Cm0Start.o
 .comment       0x0000006e       0x6f .\ARM_GCC_541\Debug\USBFS_UART01.a(USBUART.o)
 .comment       0x0000006e       0x6f .\ARM_GCC_541\Debug\USBFS_UART01.a(USBUART_cdc.o)
 .comment       0x0000006e       0x6f .\ARM_GCC_541\Debug\USBFS_UART01.a(USBUART_drv.o)
 .comment       0x0000006e       0x6f .\ARM_GCC_541\Debug\USBFS_UART01.a(USBUART_episr.o)
 .comment       0x0000006e       0x6f .\ARM_GCC_541\Debug\USBFS_UART01.a(USBUART_hid.o)
 .comment       0x0000006e       0x6f .\ARM_GCC_541\Debug\USBFS_UART01.a(USBUART_pm.o)
 .comment       0x0000006e       0x6f .\ARM_GCC_541\Debug\USBFS_UART01.a(USBUART_std.o)
 .comment       0x0000006e       0x6f .\ARM_GCC_541\Debug\USBFS_UART01.a(USBUART_vnd.o)
 .comment       0x0000006e       0x6f .\ARM_GCC_541\Debug\USBFS_UART01.a(USBUART_Dp.o)
 .comment       0x0000006e       0x6f .\ARM_GCC_541\Debug\USBFS_UART01.a(CyLib.o)
 .comment       0x0000006e       0x6f .\ARM_GCC_541\Debug\USBFS_UART01.a(CyLFClk.o)
 .comment       0x0000006e       0x6f .\ARM_GCC_541\Debug\USBFS_UART01.a(USBUART_cls.o)
 .comment       0x0000006e       0x6f .\ARM_GCC_541\Debug\USBFS_UART01.a(USBUART_descr.o)
 .comment       0x0000006e       0x6f .\ARM_GCC_541\Debug\USBFS_UART01.a(CyFlash.o)

.debug_weaknames
 *(.debug_weaknames)

.debug_funcnames
 *(.debug_funcnames)

.debug_typenames
 *(.debug_typenames)

.debug_varnames
 *(.debug_varnames)

.note.gnu.arm.ident
 *(.note.gnu.arm.ident)

.ARM.attributes
                0x00000000       0x28
 *(.ARM.attributes)
 .ARM.attributes
                0x00000000       0x1e c:/program files (x86)/cypress/psoc creator/4.2/psoc creator/import/gnu/arm/5.4.1/bin/../lib/gcc/arm-none-eabi/5.4.1/armv6-m/crti.o
 .ARM.attributes
                0x0000001e       0x2c c:/program files (x86)/cypress/psoc creator/4.2/psoc creator/import/gnu/arm/5.4.1/bin/../lib/gcc/arm-none-eabi/5.4.1/armv6-m/crtbegin.o
 .ARM.attributes
                0x0000004a       0x1b c:/program files (x86)/cypress/psoc creator/4.2/psoc creator/import/gnu/arm/5.4.1/bin/../lib/gcc/arm-none-eabi/5.4.1/../../../../arm-none-eabi/lib/armv6-m/crt0.o
 .ARM.attributes
                0x00000065       0x31 .\ARM_GCC_541\Debug\main.o
 .ARM.attributes
                0x00000096       0x31 .\ARM_GCC_541\Debug\cyfitter_cfg.o
 .ARM.attributes
                0x000000c7       0x31 .\ARM_GCC_541\Debug\cymetadata.o
 .ARM.attributes
                0x000000f8       0x31 .\ARM_GCC_541\Debug\Cm0Start.o
 .ARM.attributes
                0x00000129       0x31 .\ARM_GCC_541\Debug\USBFS_UART01.a(USBUART.o)
 .ARM.attributes
                0x0000015a       0x31 .\ARM_GCC_541\Debug\USBFS_UART01.a(USBUART_cdc.o)
 .ARM.attributes
                0x0000018b       0x31 .\ARM_GCC_541\Debug\USBFS_UART01.a(USBUART_drv.o)
 .ARM.attributes
                0x000001bc       0x31 .\ARM_GCC_541\Debug\USBFS_UART01.a(USBUART_episr.o)
 .ARM.attributes
                0x000001ed       0x31 .\ARM_GCC_541\Debug\USBFS_UART01.a(USBUART_hid.o)
 .ARM.attributes
                0x0000021e       0x31 .\ARM_GCC_541\Debug\USBFS_UART01.a(USBUART_pm.o)
 .ARM.attributes
                0x0000024f       0x31 .\ARM_GCC_541\Debug\USBFS_UART01.a(USBUART_std.o)
 .ARM.attributes
                0x00000280       0x31 .\ARM_GCC_541\Debug\USBFS_UART01.a(USBUART_vnd.o)
 .ARM.attributes
                0x000002b1       0x31 .\ARM_GCC_541\Debug\USBFS_UART01.a(USBUART_Dp.o)
 .ARM.attributes
                0x000002e2       0x31 .\ARM_GCC_541\Debug\USBFS_UART01.a(CyLib.o)
 .ARM.attributes
                0x00000313       0x31 .\ARM_GCC_541\Debug\USBFS_UART01.a(CyLFClk.o)
 .ARM.attributes
                0x00000344       0x21 .\ARM_GCC_541\Debug\USBFS_UART01.a(CyBootAsmGnu.o)
 .ARM.attributes
                0x00000365       0x31 .\ARM_GCC_541\Debug\USBFS_UART01.a(USBUART_cls.o)
 .ARM.attributes
                0x00000396       0x31 .\ARM_GCC_541\Debug\USBFS_UART01.a(USBUART_descr.o)
 .ARM.attributes
                0x000003c7       0x31 .\ARM_GCC_541\Debug\USBFS_UART01.a(CyFlash.o)
 .ARM.attributes
                0x000003f8       0x1e c:/program files (x86)/cypress/psoc creator/4.2/psoc creator/import/gnu/arm/5.4.1/bin/../lib/gcc/arm-none-eabi/5.4.1/armv6-m\libgcc.a(_udivsi3.o)
 .ARM.attributes
                0x00000416       0x1e c:/program files (x86)/cypress/psoc creator/4.2/psoc creator/import/gnu/arm/5.4.1/bin/../lib/gcc/arm-none-eabi/5.4.1/armv6-m\libgcc.a(_divsi3.o)
 .ARM.attributes
                0x00000434       0x1e c:/program files (x86)/cypress/psoc creator/4.2/psoc creator/import/gnu/arm/5.4.1/bin/../lib/gcc/arm-none-eabi/5.4.1/armv6-m\libgcc.a(_dvmd_tls.o)
 .ARM.attributes
                0x00000452       0x2c c:/program files (x86)/cypress/psoc creator/4.2/psoc creator/import/gnu/arm/5.4.1/bin/../lib/gcc/arm-none-eabi/5.4.1/../../../../arm-none-eabi/lib/armv6-m\libg_nano.a(lib_a-errno.o)
 .ARM.attributes
                0x0000047e       0x2c c:/program files (x86)/cypress/psoc creator/4.2/psoc creator/import/gnu/arm/5.4.1/bin/../lib/gcc/arm-none-eabi/5.4.1/../../../../arm-none-eabi/lib/armv6-m\libg_nano.a(lib_a-exit.o)
 .ARM.attributes
                0x000004aa       0x2c c:/program files (x86)/cypress/psoc creator/4.2/psoc creator/import/gnu/arm/5.4.1/bin/../lib/gcc/arm-none-eabi/5.4.1/../../../../arm-none-eabi/lib/armv6-m\libg_nano.a(lib_a-impure.o)
 .ARM.attributes
                0x000004d6       0x2c c:/program files (x86)/cypress/psoc creator/4.2/psoc creator/import/gnu/arm/5.4.1/bin/../lib/gcc/arm-none-eabi/5.4.1/../../../../arm-none-eabi/lib/armv6-m\libg_nano.a(lib_a-init.o)
 .ARM.attributes
                0x00000502       0x2c c:/program files (x86)/cypress/psoc creator/4.2/psoc creator/import/gnu/arm/5.4.1/bin/../lib/gcc/arm-none-eabi/5.4.1/../../../../arm-none-eabi/lib/armv6-m\libg_nano.a(lib_a-memcpy-stub.o)
 .ARM.attributes
                0x0000052e       0x2c c:/program files (x86)/cypress/psoc creator/4.2/psoc creator/import/gnu/arm/5.4.1/bin/../lib/gcc/arm-none-eabi/5.4.1/../../../../arm-none-eabi/lib/armv6-m\libg_nano.a(lib_a-memset.o)
 .ARM.attributes
                0x0000055a       0x2c c:/program files (x86)/cypress/psoc creator/4.2/psoc creator/import/gnu/arm/5.4.1/bin/../lib/gcc/arm-none-eabi/5.4.1/../../../../arm-none-eabi/lib/armv6-m\libg_nano.a(lib_a-nano-vfprintf_float.o)
 .ARM.attributes
                0x00000586       0x2c c:/program files (x86)/cypress/psoc creator/4.2/psoc creator/import/gnu/arm/5.4.1/bin/../lib/gcc/arm-none-eabi/5.4.1/../../../../arm-none-eabi/lib/armv6-m\libg_nano.a(lib_a-nano-vfprintf_i.o)
 .ARM.attributes
                0x000005b2       0x1c c:/program files (x86)/cypress/psoc creator/4.2/psoc creator/import/gnu/arm/5.4.1/bin/../lib/gcc/arm-none-eabi/5.4.1/../../../../arm-none-eabi/lib/armv6-m\libg_nano.a(lib_a-strlen.o)
 .ARM.attributes
                0x000005ce       0x2c c:/program files (x86)/cypress/psoc creator/4.2/psoc creator/import/gnu/arm/5.4.1/bin/../lib/gcc/arm-none-eabi/5.4.1/../../../../arm-none-eabi/lib/armv6-m\libg_nano.a(lib_a-dtoa.o)
 .ARM.attributes
                0x000005fa       0x2c c:/program files (x86)/cypress/psoc creator/4.2/psoc creator/import/gnu/arm/5.4.1/bin/../lib/gcc/arm-none-eabi/5.4.1/../../../../arm-none-eabi/lib/armv6-m\libg_nano.a(lib_a-locale.o)
 .ARM.attributes
                0x00000626       0x2c c:/program files (x86)/cypress/psoc creator/4.2/psoc creator/import/gnu/arm/5.4.1/bin/../lib/gcc/arm-none-eabi/5.4.1/../../../../arm-none-eabi/lib/armv6-m\libg_nano.a(lib_a-malloc.o)
 .ARM.attributes
                0x00000652       0x2c c:/program files (x86)/cypress/psoc creator/4.2/psoc creator/import/gnu/arm/5.4.1/bin/../lib/gcc/arm-none-eabi/5.4.1/../../../../arm-none-eabi/lib/armv6-m\libg_nano.a(lib_a-memchr-stub.o)
 .ARM.attributes
                0x0000067e       0x2c c:/program files (x86)/cypress/psoc creator/4.2/psoc creator/import/gnu/arm/5.4.1/bin/../lib/gcc/arm-none-eabi/5.4.1/../../../../arm-none-eabi/lib/armv6-m\libg_nano.a(lib_a-mprec.o)
 .ARM.attributes
                0x000006aa       0x2c c:/program files (x86)/cypress/psoc creator/4.2/psoc creator/import/gnu/arm/5.4.1/bin/../lib/gcc/arm-none-eabi/5.4.1/../../../../arm-none-eabi/lib/armv6-m\libg_nano.a(lib_a-nano-callocr.o)
 .ARM.attributes
                0x000006d6       0x2c c:/program files (x86)/cypress/psoc creator/4.2/psoc creator/import/gnu/arm/5.4.1/bin/../lib/gcc/arm-none-eabi/5.4.1/../../../../arm-none-eabi/lib/armv6-m\libg_nano.a(lib_a-nano-freer.o)
 .ARM.attributes
                0x00000702       0x2c c:/program files (x86)/cypress/psoc creator/4.2/psoc creator/import/gnu/arm/5.4.1/bin/../lib/gcc/arm-none-eabi/5.4.1/../../../../arm-none-eabi/lib/armv6-m\libg_nano.a(lib_a-nano-mallocr.o)
 .ARM.attributes
                0x0000072e       0x2c c:/program files (x86)/cypress/psoc creator/4.2/psoc creator/import/gnu/arm/5.4.1/bin/../lib/gcc/arm-none-eabi/5.4.1/../../../../arm-none-eabi/lib/armv6-m\libg_nano.a(lib_a-sbrkr.o)
 .ARM.attributes
                0x0000075a       0x1c c:/program files (x86)/cypress/psoc creator/4.2/psoc creator/import/gnu/arm/5.4.1/bin/../lib/gcc/arm-none-eabi/5.4.1/../../../../arm-none-eabi/lib/armv6-m\libg_nano.a(lib_a-strcmp.o)
 .ARM.attributes
                0x00000776       0x2c c:/program files (x86)/cypress/psoc creator/4.2/psoc creator/import/gnu/arm/5.4.1/bin/../lib/gcc/arm-none-eabi/5.4.1/../../../../arm-none-eabi/lib/armv6-m\libg_nano.a(lib_a-mlock.o)
 .ARM.attributes
                0x000007a2       0x2c c:/program files (x86)/cypress/psoc creator/4.2/psoc creator/import/gnu/arm/5.4.1/bin/../lib/gcc/arm-none-eabi/5.4.1/../../../../arm-none-eabi/lib/armv6-m\libg_nano.a(lib_a-reent.o)
 .ARM.attributes
                0x000007ce       0x1e c:/program files (x86)/cypress/psoc creator/4.2/psoc creator/import/gnu/arm/5.4.1/bin/../lib/gcc/arm-none-eabi/5.4.1/armv6-m\libgcc.a(_thumb1_case_uqi.o)
 .ARM.attributes
                0x000007ec       0x1e c:/program files (x86)/cypress/psoc creator/4.2/psoc creator/import/gnu/arm/5.4.1/bin/../lib/gcc/arm-none-eabi/5.4.1/armv6-m\libgcc.a(_arm_cmpdf2.o)
 .ARM.attributes
                0x0000080a       0x2c c:/program files (x86)/cypress/psoc creator/4.2/psoc creator/import/gnu/arm/5.4.1/bin/../lib/gcc/arm-none-eabi/5.4.1/armv6-m\libgcc.a(adddf3.o)
 .ARM.attributes
                0x00000836       0x2c c:/program files (x86)/cypress/psoc creator/4.2/psoc creator/import/gnu/arm/5.4.1/bin/../lib/gcc/arm-none-eabi/5.4.1/armv6-m\libgcc.a(divdf3.o)
 .ARM.attributes
                0x00000862       0x2c c:/program files (x86)/cypress/psoc creator/4.2/psoc creator/import/gnu/arm/5.4.1/bin/../lib/gcc/arm-none-eabi/5.4.1/armv6-m\libgcc.a(eqdf2.o)
 .ARM.attributes
                0x0000088e       0x2c c:/program files (x86)/cypress/psoc creator/4.2/psoc creator/import/gnu/arm/5.4.1/bin/../lib/gcc/arm-none-eabi/5.4.1/armv6-m\libgcc.a(gedf2.o)
 .ARM.attributes
                0x000008ba       0x2c c:/program files (x86)/cypress/psoc creator/4.2/psoc creator/import/gnu/arm/5.4.1/bin/../lib/gcc/arm-none-eabi/5.4.1/armv6-m\libgcc.a(ledf2.o)
 .ARM.attributes
                0x000008e6       0x2c c:/program files (x86)/cypress/psoc creator/4.2/psoc creator/import/gnu/arm/5.4.1/bin/../lib/gcc/arm-none-eabi/5.4.1/armv6-m\libgcc.a(muldf3.o)
 .ARM.attributes
                0x00000912       0x2c c:/program files (x86)/cypress/psoc creator/4.2/psoc creator/import/gnu/arm/5.4.1/bin/../lib/gcc/arm-none-eabi/5.4.1/armv6-m\libgcc.a(subdf3.o)
 .ARM.attributes
                0x0000093e       0x2c c:/program files (x86)/cypress/psoc creator/4.2/psoc creator/import/gnu/arm/5.4.1/bin/../lib/gcc/arm-none-eabi/5.4.1/armv6-m\libgcc.a(unorddf2.o)
 .ARM.attributes
                0x0000096a       0x2c c:/program files (x86)/cypress/psoc creator/4.2/psoc creator/import/gnu/arm/5.4.1/bin/../lib/gcc/arm-none-eabi/5.4.1/armv6-m\libgcc.a(fixdfsi.o)
 .ARM.attributes
                0x00000996       0x2c c:/program files (x86)/cypress/psoc creator/4.2/psoc creator/import/gnu/arm/5.4.1/bin/../lib/gcc/arm-none-eabi/5.4.1/armv6-m\libgcc.a(floatsidf.o)
 .ARM.attributes
                0x000009c2       0x2c c:/program files (x86)/cypress/psoc creator/4.2/psoc creator/import/gnu/arm/5.4.1/bin/../lib/gcc/arm-none-eabi/5.4.1/armv6-m\libgcc.a(floatunsidf.o)
 .ARM.attributes
                0x000009ee       0x1e c:/program files (x86)/cypress/psoc creator/4.2/psoc creator/import/gnu/arm/5.4.1/bin/../lib/gcc/arm-none-eabi/5.4.1/armv6-m\libgcc.a(_clzsi2.o)
 .ARM.attributes
                0x00000a0c       0x2c c:/program files (x86)/cypress/psoc creator/4.2/psoc creator/import/gnu/arm/5.4.1/bin/../lib/gcc/arm-none-eabi/5.4.1/armv6-m/crtend.o
 .ARM.attributes
                0x00000a38       0x1e c:/program files (x86)/cypress/psoc creator/4.2/psoc creator/import/gnu/arm/5.4.1/bin/../lib/gcc/arm-none-eabi/5.4.1/armv6-m/crtn.o

/DISCARD/
 *(.note.GNU-stack)
OUTPUT(C:\Users\HPz420\Documents\GitHub\land-boards\lb-boards\FPGA Cards\RETRO-EP4CE15\PSOC\USBFS_UART01\USBFS_UART01.cydsn\ARM_GCC_541\Debug\USBFS_UART01.elf elf32-littlearm)
