------------------------------------------------------------
TimeQuest Timing Analyzer Summary
------------------------------------------------------------

Type  : Slow 1200mV 85C Model Setup 'gen_div:gen_1M|tmp'
Slack : -3.527
TNS   : -66.360

Type  : Slow 1200mV 85C Model Setup 'clkin'
Slack : -1.606
TNS   : -6.397

Type  : Slow 1200mV 85C Model Hold 'clkin'
Slack : -2.550
TNS   : -2.550

Type  : Slow 1200mV 85C Model Hold 'gen_div:gen_1M|tmp'
Slack : 0.453
TNS   : 0.000

Type  : Slow 1200mV 85C Model Minimum Pulse Width 'clkin'
Slack : -3.000
TNS   : -11.922

Type  : Slow 1200mV 85C Model Minimum Pulse Width 'gen_div:gen_1M|tmp'
Slack : -1.487
TNS   : -35.688

Type  : Slow 1200mV 0C Model Setup 'gen_div:gen_1M|tmp'
Slack : -3.240
TNS   : -60.257

Type  : Slow 1200mV 0C Model Setup 'clkin'
Slack : -1.359
TNS   : -5.266

Type  : Slow 1200mV 0C Model Hold 'clkin'
Slack : -2.335
TNS   : -2.335

Type  : Slow 1200mV 0C Model Hold 'gen_div:gen_1M|tmp'
Slack : 0.402
TNS   : 0.000

Type  : Slow 1200mV 0C Model Minimum Pulse Width 'clkin'
Slack : -3.000
TNS   : -11.922

Type  : Slow 1200mV 0C Model Minimum Pulse Width 'gen_div:gen_1M|tmp'
Slack : -1.487
TNS   : -35.688

Type  : Fast 1200mV 0C Model Setup 'gen_div:gen_1M|tmp'
Slack : -0.968
TNS   : -15.687

Type  : Fast 1200mV 0C Model Setup 'clkin'
Slack : -0.123
TNS   : -0.178

Type  : Fast 1200mV 0C Model Hold 'clkin'
Slack : -1.173
TNS   : -1.173

Type  : Fast 1200mV 0C Model Hold 'gen_div:gen_1M|tmp'
Slack : 0.187
TNS   : 0.000

Type  : Fast 1200mV 0C Model Minimum Pulse Width 'clkin'
Slack : -3.000
TNS   : -9.336

Type  : Fast 1200mV 0C Model Minimum Pulse Width 'gen_div:gen_1M|tmp'
Slack : -1.000
TNS   : -24.000

------------------------------------------------------------
