------------------------------------------------------------
TimeQuest Timing Analyzer Summary
------------------------------------------------------------

Type  : Slow 1200mV 85C Model Setup 'clk'
Slack : -4.893
TNS   : -26.740

Type  : Slow 1200mV 85C Model Setup 'clkr'
Slack : -2.689
TNS   : -46.624

Type  : Slow 1200mV 85C Model Hold 'clk'
Slack : 0.336
TNS   : 0.000

Type  : Slow 1200mV 85C Model Hold 'clkr'
Slack : 0.453
TNS   : 0.000

Type  : Slow 1200mV 85C Model Minimum Pulse Width 'clk'
Slack : -3.000
TNS   : -28.279

Type  : Slow 1200mV 85C Model Minimum Pulse Width 'clkr'
Slack : -1.487
TNS   : -69.889

Type  : Slow 1200mV 0C Model Setup 'clk'
Slack : -4.472
TNS   : -22.436

Type  : Slow 1200mV 0C Model Setup 'clkr'
Slack : -2.493
TNS   : -40.488

Type  : Slow 1200mV 0C Model Hold 'clkr'
Slack : 0.401
TNS   : 0.000

Type  : Slow 1200mV 0C Model Hold 'clk'
Slack : 0.441
TNS   : 0.000

Type  : Slow 1200mV 0C Model Minimum Pulse Width 'clk'
Slack : -3.000
TNS   : -28.279

Type  : Slow 1200mV 0C Model Minimum Pulse Width 'clkr'
Slack : -1.487
TNS   : -69.889

Type  : Fast 1200mV 0C Model Setup 'clk'
Slack : -1.483
TNS   : -2.933

Type  : Fast 1200mV 0C Model Setup 'clkr'
Slack : -0.668
TNS   : -5.510

Type  : Fast 1200mV 0C Model Hold 'clk'
Slack : 0.077
TNS   : 0.000

Type  : Fast 1200mV 0C Model Hold 'clkr'
Slack : 0.186
TNS   : 0.000

Type  : Fast 1200mV 0C Model Minimum Pulse Width 'clk'
Slack : -3.000
TNS   : -25.116

Type  : Fast 1200mV 0C Model Minimum Pulse Width 'clkr'
Slack : -1.000
TNS   : -47.000

------------------------------------------------------------
