------------------------------------------------------------
TimeQuest Timing Analyzer Summary
------------------------------------------------------------

Type  : Slow 1200mV 85C Model Setup 'clk'
Slack : -4.705
TNS   : -26.536

Type  : Slow 1200mV 85C Model Setup 'clkr'
Slack : -1.116
TNS   : -13.571

Type  : Slow 1200mV 85C Model Hold 'clk'
Slack : 0.335
TNS   : 0.000

Type  : Slow 1200mV 85C Model Hold 'clkr'
Slack : 0.454
TNS   : 0.000

Type  : Slow 1200mV 85C Model Minimum Pulse Width 'clk'
Slack : -3.000
TNS   : -28.279

Type  : Slow 1200mV 85C Model Minimum Pulse Width 'clkr'
Slack : -1.487
TNS   : -41.636

Type  : Slow 1200mV 0C Model Setup 'clk'
Slack : -4.248
TNS   : -22.212

Type  : Slow 1200mV 0C Model Setup 'clkr'
Slack : -0.979
TNS   : -10.935

Type  : Slow 1200mV 0C Model Hold 'clkr'
Slack : 0.402
TNS   : 0.000

Type  : Slow 1200mV 0C Model Hold 'clk'
Slack : 0.450
TNS   : 0.000

Type  : Slow 1200mV 0C Model Minimum Pulse Width 'clk'
Slack : -3.000
TNS   : -28.279

Type  : Slow 1200mV 0C Model Minimum Pulse Width 'clkr'
Slack : -1.487
TNS   : -41.636

Type  : Fast 1200mV 0C Model Setup 'clk'
Slack : -1.386
TNS   : -2.836

Type  : Fast 1200mV 0C Model Setup 'clkr'
Slack : 0.097
TNS   : 0.000

Type  : Fast 1200mV 0C Model Hold 'clk'
Slack : 0.067
TNS   : 0.000

Type  : Fast 1200mV 0C Model Hold 'clkr'
Slack : 0.187
TNS   : 0.000

Type  : Fast 1200mV 0C Model Minimum Pulse Width 'clk'
Slack : -3.000
TNS   : -24.858

Type  : Fast 1200mV 0C Model Minimum Pulse Width 'clkr'
Slack : -1.000
TNS   : -28.000

------------------------------------------------------------
